Archive member included to satisfy reference by file (symbol)

/raid/tools/cross-compilers/riscv-rv32im-priv1.9/lib/gcc/riscv32-unknown-elf/6.1.0/libgcc.a(_divdi3.o)
                              ./lib/syscalls.o (__divdi3)
/raid/tools/cross-compilers/riscv-rv32im-priv1.9/lib/gcc/riscv32-unknown-elf/6.1.0/libgcc.a(_moddi3.o)
                              ./lib/syscalls.o (__moddi3)
/raid/tools/cross-compilers/riscv-rv32im-priv1.9/lib/gcc/riscv32-unknown-elf/6.1.0/libgcc.a(_clz.o)
                              /raid/tools/cross-compilers/riscv-rv32im-priv1.9/lib/gcc/riscv32-unknown-elf/6.1.0/libgcc.a(_divdi3.o) (__clz_tab)
/raid/tools/cross-compilers/riscv-rv32im-priv1.9/lib/gcc/riscv32-unknown-elf/6.1.0/../../../../riscv32-unknown-elf/lib/libc.a(lib_a-atexit.o)
                              /raid/tools/cross-compilers/riscv-rv32im-priv1.9/lib/gcc/riscv32-unknown-elf/6.1.0/../../../../riscv32-unknown-elf/lib/crt0.o (atexit)
/raid/tools/cross-compilers/riscv-rv32im-priv1.9/lib/gcc/riscv32-unknown-elf/6.1.0/../../../../riscv32-unknown-elf/lib/libc.a(lib_a-exit.o)
                              /raid/tools/cross-compilers/riscv-rv32im-priv1.9/lib/gcc/riscv32-unknown-elf/6.1.0/../../../../riscv32-unknown-elf/lib/crt0.o (exit)
/raid/tools/cross-compilers/riscv-rv32im-priv1.9/lib/gcc/riscv32-unknown-elf/6.1.0/../../../../riscv32-unknown-elf/lib/libc.a(lib_a-fini.o)
                              /raid/tools/cross-compilers/riscv-rv32im-priv1.9/lib/gcc/riscv32-unknown-elf/6.1.0/../../../../riscv32-unknown-elf/lib/crt0.o (__libc_fini_array)
/raid/tools/cross-compilers/riscv-rv32im-priv1.9/lib/gcc/riscv32-unknown-elf/6.1.0/../../../../riscv32-unknown-elf/lib/libc.a(lib_a-impure.o)
                              /raid/tools/cross-compilers/riscv-rv32im-priv1.9/lib/gcc/riscv32-unknown-elf/6.1.0/../../../../riscv32-unknown-elf/lib/libc.a(lib_a-exit.o) (_global_impure_ptr)
/raid/tools/cross-compilers/riscv-rv32im-priv1.9/lib/gcc/riscv32-unknown-elf/6.1.0/../../../../riscv32-unknown-elf/lib/libc.a(lib_a-init.o)
                              /raid/tools/cross-compilers/riscv-rv32im-priv1.9/lib/gcc/riscv32-unknown-elf/6.1.0/../../../../riscv32-unknown-elf/lib/crt0.o (__libc_init_array)
/raid/tools/cross-compilers/riscv-rv32im-priv1.9/lib/gcc/riscv32-unknown-elf/6.1.0/../../../../riscv32-unknown-elf/lib/libc.a(lib_a-memset.o)
                              /raid/tools/cross-compilers/riscv-rv32im-priv1.9/lib/gcc/riscv32-unknown-elf/6.1.0/../../../../riscv32-unknown-elf/lib/crt0.o (memset)
/raid/tools/cross-compilers/riscv-rv32im-priv1.9/lib/gcc/riscv32-unknown-elf/6.1.0/../../../../riscv32-unknown-elf/lib/libc.a(lib_a-printf.o)
                              /tmp/cckGRKBX.o (printf)
/raid/tools/cross-compilers/riscv-rv32im-priv1.9/lib/gcc/riscv32-unknown-elf/6.1.0/../../../../riscv32-unknown-elf/lib/libc.a(lib_a-puts.o)
                              /tmp/cckGRKBX.o (puts)
/raid/tools/cross-compilers/riscv-rv32im-priv1.9/lib/gcc/riscv32-unknown-elf/6.1.0/../../../../riscv32-unknown-elf/lib/libc.a(lib_a-strlen.o)
                              /raid/tools/cross-compilers/riscv-rv32im-priv1.9/lib/gcc/riscv32-unknown-elf/6.1.0/../../../../riscv32-unknown-elf/lib/libc.a(lib_a-puts.o) (strlen)
/raid/tools/cross-compilers/riscv-rv32im-priv1.9/lib/gcc/riscv32-unknown-elf/6.1.0/../../../../riscv32-unknown-elf/lib/libc.a(lib_a-vfprintf.o)
                              /raid/tools/cross-compilers/riscv-rv32im-priv1.9/lib/gcc/riscv32-unknown-elf/6.1.0/../../../../riscv32-unknown-elf/lib/libc.a(lib_a-printf.o) (_vfprintf_r)
/raid/tools/cross-compilers/riscv-rv32im-priv1.9/lib/gcc/riscv32-unknown-elf/6.1.0/../../../../riscv32-unknown-elf/lib/libc.a(lib_a-wsetup.o)
                              /raid/tools/cross-compilers/riscv-rv32im-priv1.9/lib/gcc/riscv32-unknown-elf/6.1.0/../../../../riscv32-unknown-elf/lib/libc.a(lib_a-vfprintf.o) (__swsetup_r)
/raid/tools/cross-compilers/riscv-rv32im-priv1.9/lib/gcc/riscv32-unknown-elf/6.1.0/../../../../riscv32-unknown-elf/lib/libc.a(lib_a-__atexit.o)
                              /raid/tools/cross-compilers/riscv-rv32im-priv1.9/lib/gcc/riscv32-unknown-elf/6.1.0/../../../../riscv32-unknown-elf/lib/libc.a(lib_a-atexit.o) (__register_exitproc)
/raid/tools/cross-compilers/riscv-rv32im-priv1.9/lib/gcc/riscv32-unknown-elf/6.1.0/../../../../riscv32-unknown-elf/lib/libc.a(lib_a-__call_atexit.o)
                              /raid/tools/cross-compilers/riscv-rv32im-priv1.9/lib/gcc/riscv32-unknown-elf/6.1.0/../../../../riscv32-unknown-elf/lib/libc.a(lib_a-exit.o) (__call_exitprocs)
/raid/tools/cross-compilers/riscv-rv32im-priv1.9/lib/gcc/riscv32-unknown-elf/6.1.0/../../../../riscv32-unknown-elf/lib/libc.a(lib_a-dtoa.o)
                              /raid/tools/cross-compilers/riscv-rv32im-priv1.9/lib/gcc/riscv32-unknown-elf/6.1.0/../../../../riscv32-unknown-elf/lib/libc.a(lib_a-vfprintf.o) (_dtoa_r)
[...]
Memory Configuration

Name             Origin             Length             Attributes
*default*        0x0000000000000000 0xffffffffffffffff

Linker script and memory map

LOAD ./lib/syscalls.o
LOAD ./lib/riscv_counters.o
LOAD ./lib/ns16550.o
LOAD /tmp/cckGRKBX.o
LOAD /raid/tools/cross-compilers/riscv-rv32im-priv1.9/lib/gcc/riscv32-unknown-elf/6.1.0/../../../../riscv32-unknown-elf/lib/libm.a
LOAD /raid/tools/cross-compilers/riscv-rv32im-priv1.9/lib/gcc/riscv32-unknown-elf/6.1.0/libgcc.a
LOAD /raid/tools/cross-compilers/riscv-rv32im-priv1.9/lib/gcc/riscv32-unknown-elf/6.1.0/../../../../riscv32-unknown-elf/lib/libnosys.a
LOAD /raid/tools/cross-compilers/riscv-rv32im-priv1.9/lib/gcc/riscv32-unknown-elf/6.1.0/libgcc.a
START GROUP
LOAD /raid/tools/cross-compilers/riscv-rv32im-priv1.9/lib/gcc/riscv32-unknown-elf/6.1.0/libgcc.a
LOAD /raid/tools/cross-compilers/riscv-rv32im-priv1.9/lib/gcc/riscv32-unknown-elf/6.1.0/../../../../riscv32-unknown-elf/lib/libc.a
LOAD /raid/tools/cross-compilers/riscv-rv32im-priv1.9/lib/gcc/riscv32-unknown-elf/6.1.0/../../../../riscv32-unknown-elf/lib/libnosys.a
END GROUP
LOAD /raid/tools/cross-compilers/riscv-rv32im-priv1.9/lib/gcc/riscv32-unknown-elf/6.1.0/crtend.o
                [!provide]                        PROVIDE (__executable_start, SEGMENT_START ("text-segment", 0x10000))
                0x0000000000010094                . = (SEGMENT_START ("text-segment", 0x10000) + SIZEOF_HEADERS)

.interp
 *(.interp)

.note.gnu.build-id
 *(.note.gnu.build-id)

.hash
 *(.hash)

.gnu.hash
 *(.gnu.hash)

.dynsym
 *(.dynsym)

.dynstr
 *(.dynstr)

.gnu.version
 *(.gnu.version)

.gnu.version_d
 *(.gnu.version_d)

.gnu.version_r
 *(.gnu.version_r)

.rela.dyn       0x0000000000010094        0x0
 *(.rela.init)
 *(.rela.text .rela.text.* .rela.gnu.linkonce.t.*)
 .rela.text     0x0000000000010094        0x0 /raid/tools/cross-compilers/riscv-rv32im-priv1.9/lib/gcc/riscv32-unknown-elf/6.1.0/../../../../riscv32-unknown-elf/lib/crt0.o
 *(.rela.fini)
 *(.rela.rodata .rela.rodata.* .rela.gnu.linkonce.r.*)
 *(.rela.data .rela.data.* .rela.gnu.linkonce.d.*)
 *(.rela.tdata .rela.tdata.* .rela.gnu.linkonce.td.*)
 *(.rela.tbss .rela.tbss.* .rela.gnu.linkonce.tb.*)
 *(.rela.ctors)
 *(.rela.dtors)
 *(.rela.got)
 *(.rela.sdata .rela.sdata.* .rela.gnu.linkonce.s.*)
 *(.rela.sbss .rela.sbss.* .rela.gnu.linkonce.sb.*)
 *(.rela.sdata2 .rela.sdata2.* .rela.gnu.linkonce.s2.*)
 *(.rela.sbss2 .rela.sbss2.* .rela.gnu.linkonce.sb2.*)
 *(.rela.bss .rela.bss.* .rela.gnu.linkonce.b.*)
                [!provide]                        PROVIDE (__rela_iplt_start, .)
 *(.rela.iplt)
                [!provide]                        PROVIDE (__rela_iplt_end, .)

.rela.plt
 *(.rela.plt)

.init
 *(SORT(.init))

.plt
 *(.plt)

.iplt
 *(.iplt)

.text           0x0000000000010094     0xca50
 *(.text.unlikely .text.*_unlikely .text.unlikely.*)
 *(.text.exit .text.exit.*)
 *(.text.startup .text.startup.*)
 *(.text.hot .text.hot.*)
 *(.text .stub .text.* .gnu.linkonce.t.*)
 .text          0x0000000000010094       0x4c /raid/tools/cross-compilers/riscv-rv32im-priv1.9/lib/gcc/riscv32-unknown-elf/6.1.0/../../../../riscv32-unknown-elf/lib/crt0.o
                0x0000000000010094                _start
                0x00000000000100dc                _init
                0x00000000000100dc                _fini
 .text          0x00000000000100e0      0x118 /raid/tools/cross-compilers/riscv-rv32im-priv1.9/lib/gcc/riscv32-unknown-elf/6.1.0/crtbegin.o
 .text          0x00000000000101f8      0x290 ./lib/syscalls.o
                0x00000000000101f8                read
                0x00000000000102b4                write
                0x0000000000010320                gettimeofday
                0x0000000000010414                sleep
 .text          0x0000000000010488       0x9c ./lib/riscv_counters.o
                0x0000000000010488                read_cycle
                0x00000000000104bc                read_time
                0x00000000000104f0                read_instret
 .text          0x0000000000010524      0x1a4 ./lib/ns16550.o
                0x00000000000105d4                ns16550_rxready
                0x0000000000010608                ns16550_rxchar
                0x0000000000010648                ns16550_txchar
                0x0000000000010694                ns16550_flush
 .text          0x00000000000106c8      0x27c /tmp/cckGRKBX.o
                0x00000000000106e8                main
 .text          0x0000000000010944      0x4c0 /raid/tools/cross-compilers/riscv-rv32im-priv1.9/lib/gcc/riscv32-unknown-elf/6.1.0/libgcc.a(_divdi3.o)
                0x0000000000010944                __divdi3
 .text          0x0000000000010e04      0x474 /raid/tools/cross-compilers/riscv-rv32im-priv1.9/lib/gcc/riscv32-unknown-elf/6.1.0/libgcc.a(_moddi3.o)
                0x0000000000010e04                __moddi3
 .text          0x0000000000011278        0x0 /raid/tools/cross-compilers/riscv-rv32im-priv1.9/lib/gcc/riscv32-unknown-elf/6.1.0/libgcc.a(_clz.o)
 .text          0x0000000000011278       0x14 /raid/tools/cross-compilers/riscv-rv32im-priv1.9/lib/gcc/riscv32-unknown-elf/6.1.0/../../../../riscv32-unknown-elf/lib/libc.a(lib_a-atexit.o)
                0x0000000000011278                atexit
 .text          0x000000000001128c       0x30 /raid/tools/cross-compilers/riscv-rv32im-priv1.9/lib/gcc/riscv32-unknown-elf/6.1.0/../../../../riscv32-unknown-elf/lib/libc.a(lib_a-exit.o)
                0x000000000001128c                exit
 .text          0x00000000000112bc       0x60 /raid/tools/cross-compilers/riscv-rv32im-priv1.9/lib/gcc/riscv32-unknown-elf/6.1.0/../../../../riscv32-unknown-elf/lib/libc.a(lib_a-fini.o)
                0x00000000000112bc                __libc_fini_array
 .text          0x000000000001131c        0x0 /raid/tools/cross-compilers/riscv-rv32im-priv1.9/lib/gcc/riscv32-unknown-elf/6.1.0/../../../../riscv32-unknown-elf/lib/libc.a(lib_a-impure.o)
 .text          0x000000000001131c       0xa0 /raid/tools/cross-compilers/riscv-rv32im-priv1.9/lib/gcc/riscv32-unknown-elf/6.1.0/../../../../riscv32-unknown-elf/lib/libc.a(lib_a-init.o)
                0x000000000001131c                __libc_init_array
 .text          0x00000000000113bc       0xdc /raid/tools/cross-compilers/riscv-rv32im-priv1.9/lib/gcc/riscv32-unknown-elf/6.1.0/../../../../riscv32-unknown-elf/lib/libc.a(lib_a-memset.o)
                0x00000000000113bc                memset
 .text          0x0000000000011498       0x94 /raid/tools/cross-compilers/riscv-rv32im-priv1.9/lib/gcc/riscv32-unknown-elf/6.1.0/../../../../riscv32-unknown-elf/lib/libc.a(lib_a-printf.o)
                0x0000000000011498                _printf_r
                0x00000000000114dc                printf
 .text          0x000000000001152c       0xd4 /raid/tools/cross-compilers/riscv-rv32im-priv1.9/lib/gcc/riscv32-unknown-elf/6.1.0/../../../../riscv32-unknown-elf/lib/libc.a(lib_a-puts.o)
                0x000000000001152c                _puts_r
                0x00000000000115f4                puts
 .text          0x0000000000011600       0x98 /raid/tools/cross-compilers/riscv-rv32im-priv1.9/lib/gcc/riscv32-unknown-elf/6.1.0/../../../../riscv32-unknown-elf/lib/libc.a(lib_a-strlen.o)
                0x0000000000011600                strlen
 .text          0x0000000000011698     0x1c60 /raid/tools/cross-compilers/riscv-rv32im-priv1.9/lib/gcc/riscv32-unknown-elf/6.1.0/../../../../riscv32-unknown-elf/lib/libc.a(lib_a-vfprintf.o)
                0x0000000000011698                _vfprintf_r
                0x0000000000013224                vfprintf
 .text          0x00000000000132f8      0x154 /raid/tools/cross-compilers/riscv-rv32im-priv1.9/lib/gcc/riscv32-unknown-elf/6.1.0/../../../../riscv32-unknown-elf/lib/libc.a(lib_a-wsetup.o)
                0x00000000000132f8                __swsetup_r
 .text          0x000000000001344c       0x98 /raid/tools/cross-compilers/riscv-rv32im-priv1.9/lib/gcc/riscv32-unknown-elf/6.1.0/../../../../riscv32-unknown-elf/lib/libc.a(lib_a-__atexit.o)
                0x000000000001344c                __register_exitproc
 .text          0x00000000000134e4      0x128 /raid/tools/cross-compilers/riscv-rv32im-priv1.9/lib/gcc/riscv32-unknown-elf/6.1.0/../../../../riscv32-unknown-elf/lib/libc.a(lib_a-__call_atexit.o)
                0x00000000000134e4                __call_exitprocs
 .text          0x000000000001360c     0x16ac /raid/tools/cross-compilers/riscv-rv32im-priv1.9/lib/gcc/riscv32-unknown-elf/6.1.0/../../../../riscv32-unknown-elf/lib/libc.a(lib_a-dtoa.o)
                0x00000000000137f4                _dtoa_r
 .text          0x0000000000014cb8      0x310 /raid/tools/cross-compilers/riscv-rv32im-priv1.9/lib/gcc/riscv32-unknown-elf/6.1.0/../../../../riscv32-unknown-elf/lib/libc.a(lib_a-fflush.o)
                0x0000000000014cb8                __sflush_r
                0x0000000000014f4c                _fflush_r
                0x0000000000014fa8                fflush
 .text          0x0000000000014fc8      0x378 /raid/tools/cross-compilers/riscv-rv32im-priv1.9/lib/gcc/riscv32-unknown-elf/6.1.0/../../../../riscv32-unknown-elf/lib/libc.a(lib_a-findfp.o)
                0x0000000000014fd0                _cleanup_r
                0x0000000000015174                __sfmoreglue
                0x00000000000151e0                __sfp
                0x00000000000152f0                _cleanup
                0x0000000000015300                __sinit
                0x0000000000015310                __sfp_lock_acquire
                0x0000000000015314                __sfp_lock_release
                0x0000000000015318                __sinit_lock_acquire
                0x000000000001531c                __sinit_lock_release
                0x0000000000015320                __fp_lock_all
                0x0000000000015330                __fp_unlock_all
 .text          0x0000000000015340      0x424 /raid/tools/cross-compilers/riscv-rv32im-priv1.9/lib/gcc/riscv32-unknown-elf/6.1.0/../../../../riscv32-unknown-elf/lib/libc.a(lib_a-freer.o)
                0x0000000000015340                _malloc_trim_r
                0x0000000000015470                _free_r
 .text          0x0000000000015764      0x4a4 /raid/tools/cross-compilers/riscv-rv32im-priv1.9/lib/gcc/riscv32-unknown-elf/6.1.0/../../../../riscv32-unknown-elf/lib/libc.a(lib_a-fvwrite.o)
                0x0000000000015764                __sfvwrite_r
 .text          0x0000000000015c08      0x170 /raid/tools/cross-compilers/riscv-rv32im-priv1.9/lib/gcc/riscv32-unknown-elf/6.1.0/../../../../riscv32-unknown-elf/lib/libc.a(lib_a-fwalk.o)
                0x0000000000015c08                _fwalk
                0x0000000000015cb8                _fwalk_reent
 .text          0x0000000000015d78       0xc8 /raid/tools/cross-compilers/riscv-rv32im-priv1.9/lib/gcc/riscv32-unknown-elf/6.1.0/../../../../riscv32-unknown-elf/lib/libc.a(lib_a-locale.o)
                0x0000000000015d78                _setlocale_r
                0x0000000000015df0                __locale_charset
                0x0000000000015dfc                __locale_mb_cur_max
                0x0000000000015e04                __locale_msgcharset
                0x0000000000015e10                __locale_cjk_lang
                0x0000000000015e18                _localeconv_r
                0x0000000000015e24                setlocale
                0x0000000000015e34                localeconv
 .text          0x0000000000015e40      0x1d8 /raid/tools/cross-compilers/riscv-rv32im-priv1.9/lib/gcc/riscv32-unknown-elf/6.1.0/../../../../riscv32-unknown-elf/lib/libc.a(lib_a-makebuf.o)
                0x0000000000015e40                __swhatbuf_r
                0x0000000000015f10                __smakebuf_r
 .text          0x0000000000016018      0x734 /raid/tools/cross-compilers/riscv-rv32im-priv1.9/lib/gcc/riscv32-unknown-elf/6.1.0/../../../../riscv32-unknown-elf/lib/libc.a(lib_a-mallocr.o)
                0x0000000000016018                _malloc_r
 .text          0x000000000001674c       0xdc /raid/tools/cross-compilers/riscv-rv32im-priv1.9/lib/gcc/riscv32-unknown-elf/6.1.0/../../../../riscv32-unknown-elf/lib/libc.a(lib_a-memchr.o)
                0x000000000001674c                memchr
 .text          0x0000000000016828      0x11c /raid/tools/cross-compilers/riscv-rv32im-priv1.9/lib/gcc/riscv32-unknown-elf/6.1.0/../../../../riscv32-unknown-elf/lib/libc.a(lib_a-memcpy.o)
                0x0000000000016828                memcpy
 .text          0x0000000000016944      0x11c /raid/tools/cross-compilers/riscv-rv32im-priv1.9/lib/gcc/riscv32-unknown-elf/6.1.0/../../../../riscv32-unknown-elf/lib/libc.a(lib_a-memmove.o)
                0x0000000000016944                memmove
 .text          0x0000000000016a60        0x8 /raid/tools/cross-compilers/riscv-rv32im-priv1.9/lib/gcc/riscv32-unknown-elf/6.1.0/../../../../riscv32-unknown-elf/lib/libc.a(lib_a-mlock.o)
                0x0000000000016a60                __malloc_lock
                0x0000000000016a64                __malloc_unlock
 .text          0x0000000000016a68     0x1044 /raid/tools/cross-compilers/riscv-rv32im-priv1.9/lib/gcc/riscv32-unknown-elf/6.1.0/../../../../riscv32-unknown-elf/lib/libc.a(lib_a-mprec.o)
                0x0000000000016a68                _Balloc
                0x0000000000016b0c                _Bfree
                0x0000000000016b30                __multadd
                0x0000000000016c40                __s2b
                0x0000000000016d54                __hi0bits
                0x0000000000016dc8                __lo0bits
                0x0000000000016e84                __i2b
                0x0000000000016eb8                __multiply
                0x0000000000017098                __pow5mult
                0x00000000000171e0                __lshift
                0x0000000000017328                __mcmp
                0x0000000000017380                __mdiff
                0x0000000000017594                __ulp
                0x0000000000017610                __b2d
                0x0000000000017740                __d2b
                0x0000000000017880                __ratio
                0x000000000001792c                _mprec_log10
                0x00000000000179c0                __copybits
                0x0000000000017a28                __any_on
 .text          0x0000000000017aac      0x540 /raid/tools/cross-compilers/riscv-rv32im-priv1.9/lib/gcc/riscv32-unknown-elf/6.1.0/../../../../riscv32-unknown-elf/lib/libc.a(lib_a-reallocr.o)
                0x0000000000017aac                _realloc_r
 .text          0x0000000000017fec       0x5c /raid/tools/cross-compilers/riscv-rv32im-priv1.9/lib/gcc/riscv32-unknown-elf/6.1.0/../../../../riscv32-unknown-elf/lib/libc.a(lib_a-sbrkr.o)
                0x0000000000017fec                _sbrk_r
 .text          0x0000000000018048      0x164 /raid/tools/cross-compilers/riscv-rv32im-priv1.9/lib/gcc/riscv32-unknown-elf/6.1.0/../../../../riscv32-unknown-elf/lib/libc.a(lib_a-stdio.o)
                0x0000000000018048                __sread
                0x00000000000180a4                __seofread
                0x00000000000180ac                __swrite
                0x0000000000018130                __sseek
                0x00000000000181a4                __sclose
 .text          0x00000000000181ac      0x17c /raid/tools/cross-compilers/riscv-rv32im-priv1.9/lib/gcc/riscv32-unknown-elf/6.1.0/../../../../riscv32-unknown-elf/lib/libc.a(lib_a-strcmp.o)
                0x00000000000181ac                strcmp
 .text          0x0000000000018328     0x10d4 /raid/tools/cross-compilers/riscv-rv32im-priv1.9/lib/gcc/riscv32-unknown-elf/6.1.0/../../../../riscv32-unknown-elf/lib/libc.a(lib_a-vfiprintf.o)
                0x0000000000018418                __sprint_r
                0x0000000000018430                _vfiprintf_r
                0x0000000000019328                vfiprintf
 .text          0x00000000000193fc       0x68 /raid/tools/cross-compilers/riscv-rv32im-priv1.9/lib/gcc/riscv32-unknown-elf/6.1.0/../../../../riscv32-unknown-elf/lib/libc.a(lib_a-writer.o)
                0x00000000000193fc                _write_r
 .text          0x0000000000019464       0xac /raid/tools/cross-compilers/riscv-rv32im-priv1.9/lib/gcc/riscv32-unknown-elf/6.1.0/../../../../riscv32-unknown-elf/lib/libc.a(lib_a-callocr.o)
                0x0000000000019464                _calloc_r
 .text          0x0000000000019510       0x5c /raid/tools/cross-compilers/riscv-rv32im-priv1.9/lib/gcc/riscv32-unknown-elf/6.1.0/../../../../riscv32-unknown-elf/lib/libc.a(lib_a-closer.o)
                0x0000000000019510                _close_r
 .text          0x000000000001956c      0x10c /raid/tools/cross-compilers/riscv-rv32im-priv1.9/lib/gcc/riscv32-unknown-elf/6.1.0/../../../../riscv32-unknown-elf/lib/libc.a(lib_a-fclose.o)
                0x000000000001956c                _fclose_r
                0x000000000001966c                fclose
 .text          0x0000000000019678      0x1dc /raid/tools/cross-compilers/riscv-rv32im-priv1.9/lib/gcc/riscv32-unknown-elf/6.1.0/../../../../riscv32-unknown-elf/lib/libc.a(lib_a-fputwc.o)
                0x0000000000019678                __fputwc
                0x00000000000197ac                _fputwc_r
                0x00000000000197d4                fputwc
 .text          0x0000000000019854       0x64 /raid/tools/cross-compilers/riscv-rv32im-priv1.9/lib/gcc/riscv32-unknown-elf/6.1.0/../../../../riscv32-unknown-elf/lib/libc.a(lib_a-fstatr.o)
                0x0000000000019854                _fstat_r
 .text          0x00000000000198b8       0x5c /raid/tools/cross-compilers/riscv-rv32im-priv1.9/lib/gcc/riscv32-unknown-elf/6.1.0/../../../../riscv32-unknown-elf/lib/libc.a(lib_a-isattyr.o)
                0x00000000000198b8                _isatty_r
 .text          0x0000000000019914       0x68 /raid/tools/cross-compilers/riscv-rv32im-priv1.9/lib/gcc/riscv32-unknown-elf/6.1.0/../../../../riscv32-unknown-elf/lib/libc.a(lib_a-lseekr.o)
                0x0000000000019914                _lseek_r
 .text          0x000000000001997c       0x68 /raid/tools/cross-compilers/riscv-rv32im-priv1.9/lib/gcc/riscv32-unknown-elf/6.1.0/../../../../riscv32-unknown-elf/lib/libc.a(lib_a-readr.o)
                0x000000000001997c                _read_r
 .text          0x00000000000199e4      0x148 /raid/tools/cross-compilers/riscv-rv32im-priv1.9/lib/gcc/riscv32-unknown-elf/6.1.0/../../../../riscv32-unknown-elf/lib/libc.a(lib_a-reent.o)
                0x00000000000199e4                cleanup_glue
                0x0000000000019a24                _reclaim_reent
 .text          0x0000000000019b2c      0x188 /raid/tools/cross-compilers/riscv-rv32im-priv1.9/lib/gcc/riscv32-unknown-elf/6.1.0/../../../../riscv32-unknown-elf/lib/libc.a(lib_a-wbuf.o)
                0x0000000000019b2c                __swbuf_r
                0x0000000000019ca4                __swbuf
 .text          0x0000000000019cb4      0x150 /raid/tools/cross-compilers/riscv-rv32im-priv1.9/lib/gcc/riscv32-unknown-elf/6.1.0/../../../../riscv32-unknown-elf/lib/libc.a(lib_a-wcrtomb.o)
                0x0000000000019cb4                _wcrtomb_r
                0x0000000000019d5c                wcrtomb
 .text          0x0000000000019e04       0x9c /raid/tools/cross-compilers/riscv-rv32im-priv1.9/lib/gcc/riscv32-unknown-elf/6.1.0/../../../../riscv32-unknown-elf/lib/libc.a(lib_a-wctomb_r.o)
                0x0000000000019e04                __ascii_wctomb
                0x0000000000019e34                _wctomb_r
 .text          0x0000000000019ea0       0x10 /raid/tools/cross-compilers/riscv-rv32im-priv1.9/lib/gcc/riscv32-unknown-elf/6.1.0/../../../../riscv32-unknown-elf/lib/libnosys.a(close.o)
                0x0000000000019ea0                close
 .text          0x0000000000019eb0       0x10 /raid/tools/cross-compilers/riscv-rv32im-priv1.9/lib/gcc/riscv32-unknown-elf/6.1.0/../../../../riscv32-unknown-elf/lib/libnosys.a(fstat.o)
                0x0000000000019eb0                fstat
 .text          0x0000000000019ec0       0x10 /raid/tools/cross-compilers/riscv-rv32im-priv1.9/lib/gcc/riscv32-unknown-elf/6.1.0/../../../../riscv32-unknown-elf/lib/libnosys.a(isatty.o)
                0x0000000000019ec0                isatty
 .text          0x0000000000019ed0       0x10 /raid/tools/cross-compilers/riscv-rv32im-priv1.9/lib/gcc/riscv32-unknown-elf/6.1.0/../../../../riscv32-unknown-elf/lib/libnosys.a(lseek.o)
                0x0000000000019ed0                lseek
 .text          0x0000000000019ee0       0x2c /raid/tools/cross-compilers/riscv-rv32im-priv1.9/lib/gcc/riscv32-unknown-elf/6.1.0/../../../../riscv32-unknown-elf/lib/libnosys.a(sbrk.o)
                0x0000000000019ee0                sbrk
 .text          0x0000000000019f0c        0x4 /raid/tools/cross-compilers/riscv-rv32im-priv1.9/lib/gcc/riscv32-unknown-elf/6.1.0/../../../../riscv32-unknown-elf/lib/libnosys.a(_exit.o)
                0x0000000000019f0c                _exit
 .text          0x0000000000019f10      0x974 /raid/tools/cross-compilers/riscv-rv32im-priv1.9/lib/gcc/riscv32-unknown-elf/6.1.0/libgcc.a(adddf3.o)
                0x0000000000019f10                __adddf3
 .text          0x000000000001a884      0x844 /raid/tools/cross-compilers/riscv-rv32im-priv1.9/lib/gcc/riscv32-unknown-elf/6.1.0/libgcc.a(divdf3.o)
                0x000000000001a884                __divdf3
 .text          0x000000000001b0c8       0x84 /raid/tools/cross-compilers/riscv-rv32im-priv1.9/lib/gcc/riscv32-unknown-elf/6.1.0/libgcc.a(eqdf2.o)
                0x000000000001b0c8                __eqdf2
                0x000000000001b0c8                __nedf2
 .text          0x000000000001b14c       0xfc /raid/tools/cross-compilers/riscv-rv32im-priv1.9/lib/gcc/riscv32-unknown-elf/6.1.0/libgcc.a(gedf2.o)
                0x000000000001b14c                __gtdf2
                0x000000000001b14c                __gedf2
 .text          0x000000000001b248       0xfc /raid/tools/cross-compilers/riscv-rv32im-priv1.9/lib/gcc/riscv32-unknown-elf/6.1.0/libgcc.a(ledf2.o)
                0x000000000001b248                __ltdf2
                0x000000000001b248                __ledf2
 .text          0x000000000001b344      0x6e0 /raid/tools/cross-compilers/riscv-rv32im-priv1.9/lib/gcc/riscv32-unknown-elf/6.1.0/libgcc.a(muldf3.o)
                0x000000000001b344                __muldf3
 .text          0x000000000001ba24      0x998 /raid/tools/cross-compilers/riscv-rv32im-priv1.9/lib/gcc/riscv32-unknown-elf/6.1.0/libgcc.a(subdf3.o)
                0x000000000001ba24                __subdf3
 .text          0x000000000001c3bc       0x54 /raid/tools/cross-compilers/riscv-rv32im-priv1.9/lib/gcc/riscv32-unknown-elf/6.1.0/libgcc.a(unorddf2.o)
                0x000000000001c3bc                __unorddf2
 .text          0x000000000001c410       0x84 /raid/tools/cross-compilers/riscv-rv32im-priv1.9/lib/gcc/riscv32-unknown-elf/6.1.0/libgcc.a(fixdfsi.o)
                0x000000000001c410                __fixdfsi
 .text          0x000000000001c494      0x104 /raid/tools/cross-compilers/riscv-rv32im-priv1.9/lib/gcc/riscv32-unknown-elf/6.1.0/libgcc.a(floatsidf.o)
                0x000000000001c494                __floatsidf
 .text          0x000000000001c598       0xd4 /raid/tools/cross-compilers/riscv-rv32im-priv1.9/lib/gcc/riscv32-unknown-elf/6.1.0/libgcc.a(floatunsidf.o)
                0x000000000001c598                __floatunsidf
 .text          0x000000000001c66c      0x408 /raid/tools/cross-compilers/riscv-rv32im-priv1.9/lib/gcc/riscv32-unknown-elf/6.1.0/libgcc.a(trunctfdf2.o)
                0x000000000001c66c                __trunctfdf2
 .text          0x000000000001ca74       0x70 /raid/tools/cross-compilers/riscv-rv32im-priv1.9/lib/gcc/riscv32-unknown-elf/6.1.0/libgcc.a(_clzsi2.o)
                0x000000000001ca74                __clzsi2
 .text          0x000000000001cae4        0x0 /raid/tools/cross-compilers/riscv-rv32im-priv1.9/lib/gcc/riscv32-unknown-elf/6.1.0/crtend.o
 *(.gnu.warning)

.fini
 *(SORT(.fini))
                [!provide]                        PROVIDE (__etext, .)
                [!provide]                        PROVIDE (_etext, .)
                [!provide]                        PROVIDE (etext, .)

.rodata         0x000000000001cae8      0x704
 *(.rodata .rodata.* .gnu.linkonce.r.*)
 .rodata        0x000000000001cae8       0xeb /tmp/cckGRKBX.o
 *fill*         0x000000000001cbd3        0x1 
 .rodata        0x000000000001cbd4      0x100 /raid/tools/cross-compilers/riscv-rv32im-priv1.9/lib/gcc/riscv32-unknown-elf/6.1.0/libgcc.a(_clz.o)
                0x000000000001cbd4                __clz_tab
 .rodata.str1.4
                0x000000000001ccd4        0x2 /raid/tools/cross-compilers/riscv-rv32im-priv1.9/lib/gcc/riscv32-unknown-elf/6.1.0/../../../../riscv32-unknown-elf/lib/libc.a(lib_a-impure.o)
 *fill*         0x000000000001ccd6        0x2 
 .rodata.str1.4
                0x000000000001ccd8        0x2 /raid/tools/cross-compilers/riscv-rv32im-priv1.9/lib/gcc/riscv32-unknown-elf/6.1.0/../../../../riscv32-unknown-elf/lib/libc.a(lib_a-puts.o)
 *fill*         0x000000000001ccda        0x2 
 .rodata        0x000000000001ccdc      0x184 /raid/tools/cross-compilers/riscv-rv32im-priv1.9/lib/gcc/riscv32-unknown-elf/6.1.0/../../../../riscv32-unknown-elf/lib/libc.a(lib_a-vfprintf.o)
 .rodata.str1.4
                0x000000000001ce60       0x42 /raid/tools/cross-compilers/riscv-rv32im-priv1.9/lib/gcc/riscv32-unknown-elf/6.1.0/../../../../riscv32-unknown-elf/lib/libc.a(lib_a-vfprintf.o)
 *fill*         0x000000000001cea2        0x2 
 .rodata.str1.4
                0x000000000001cea4       0x10 /raid/tools/cross-compilers/riscv-rv32im-priv1.9/lib/gcc/riscv32-unknown-elf/6.1.0/../../../../riscv32-unknown-elf/lib/libc.a(lib_a-dtoa.o)
                                         0x12 (size before relaxing)
 .rodata.str1.4
                0x000000000001ceb4        0xc /raid/tools/cross-compilers/riscv-rv32im-priv1.9/lib/gcc/riscv32-unknown-elf/6.1.0/../../../../riscv32-unknown-elf/lib/libc.a(lib_a-locale.o)
                                         0x12 (size before relaxing)
 .rodata        0x000000000001cec0      0x128 /raid/tools/cross-compilers/riscv-rv32im-priv1.9/lib/gcc/riscv32-unknown-elf/6.1.0/../../../../riscv32-unknown-elf/lib/libc.a(lib_a-mprec.o)
                0x000000000001ced0                __mprec_tens
                0x000000000001cf98                __mprec_tinytens
                0x000000000001cfc0                __mprec_bigtens
 .rodata        0x000000000001cfe8      0x184 /raid/tools/cross-compilers/riscv-rv32im-priv1.9/lib/gcc/riscv32-unknown-elf/6.1.0/../../../../riscv32-unknown-elf/lib/libc.a(lib_a-vfiprintf.o)
 .rodata.str1.4
                0x000000000001d16c       0x2f /raid/tools/cross-compilers/riscv-rv32im-priv1.9/lib/gcc/riscv32-unknown-elf/6.1.0/../../../../riscv32-unknown-elf/lib/libc.a(lib_a-vfiprintf.o)
 .rodata        0x000000000001d16c       0x40 /raid/tools/cross-compilers/riscv-rv32im-priv1.9/lib/gcc/riscv32-unknown-elf/6.1.0/libgcc.a(divdf3.o)
 .rodata        0x000000000001d1ac       0x40 /raid/tools/cross-compilers/riscv-rv32im-priv1.9/lib/gcc/riscv32-unknown-elf/6.1.0/libgcc.a(muldf3.o)

.rodata1
 *(.rodata1)

.sdata2
 *(.sdata2 .sdata2.* .gnu.linkonce.s2.*)

.sbss2
 *(.sbss2 .sbss2.* .gnu.linkonce.sb2.*)

.eh_frame_hdr
 *(.eh_frame_hdr)
 *(.eh_frame_entry .eh_frame_entry.*)

.eh_frame       0x000000000001d1ec       0x40
 *(.eh_frame)
 .eh_frame      0x000000000001d1ec        0x0 /raid/tools/cross-compilers/riscv-rv32im-priv1.9/lib/gcc/riscv32-unknown-elf/6.1.0/crtbegin.o
 .eh_frame      0x000000000001d1ec       0x28 /raid/tools/cross-compilers/riscv-rv32im-priv1.9/lib/gcc/riscv32-unknown-elf/6.1.0/libgcc.a(_divdi3.o)
 .eh_frame      0x000000000001d214       0x14 /raid/tools/cross-compilers/riscv-rv32im-priv1.9/lib/gcc/riscv32-unknown-elf/6.1.0/libgcc.a(_moddi3.o)
                                         0x28 (size before relaxing)
 .eh_frame      0x000000000001d228        0x4 /raid/tools/cross-compilers/riscv-rv32im-priv1.9/lib/gcc/riscv32-unknown-elf/6.1.0/crtend.o
 *(.eh_frame.*)

.gcc_except_table
 *(.gcc_except_table .gcc_except_table.*)

.gnu_extab
 *(.gnu_extab*)

.exception_ranges
 *(.exception_ranges .exception_ranges*)
                0x000000000001e000                . = DATA_SEGMENT_ALIGN (CONSTANT (MAXPAGESIZE), CONSTANT (COMMONPAGESIZE))

.eh_frame
 *(.eh_frame)
 *(.eh_frame.*)

.gnu_extab
 *(.gnu_extab)

.gcc_except_table
 *(.gcc_except_table .gcc_except_table.*)

.exception_ranges
 *(.exception_ranges .exception_ranges*)

.tdata
 *(.tdata .tdata.* .gnu.linkonce.td.*)

.tbss
 *(.tbss .tbss.* .gnu.linkonce.tb.*)
 *(.tcommon)

.preinit_array  0x000000000001e000        0x0
                0x000000000001e000                PROVIDE (__preinit_array_start, .)
 *(.preinit_array)
                0x000000000001e000                PROVIDE (__preinit_array_end, .)

.init_array     0x000000000001e000        0x8
                0x000000000001e000                PROVIDE (__init_array_start, .)
 *(SORT(.init_array.*) SORT(.ctors.*))
 *(.init_array EXCLUDE_FILE(*crtend?.o *crtend.o *crtbegin?.o *crtbegin.o) .ctors)
 .init_array    0x000000000001e000        0x4 /raid/tools/cross-compilers/riscv-rv32im-priv1.9/lib/gcc/riscv32-unknown-elf/6.1.0/crtbegin.o
 .init_array    0x000000000001e004        0x4 ./lib/ns16550.o
                0x000000000001e008                PROVIDE (__init_array_end, .)

.fini_array     0x000000000001e008        0x4
                0x000000000001e008                PROVIDE (__fini_array_start, .)
 *(SORT(.fini_array.*) SORT(.dtors.*))
 *(.fini_array EXCLUDE_FILE(*crtend?.o *crtend.o *crtbegin?.o *crtbegin.o) .dtors)
 .fini_array    0x000000000001e008        0x4 /raid/tools/cross-compilers/riscv-rv32im-priv1.9/lib/gcc/riscv32-unknown-elf/6.1.0/crtbegin.o
                0x000000000001e00c                PROVIDE (__fini_array_end, .)

.ctors
 *crtbegin.o(.ctors)
 *crtbegin?.o(.ctors)
 *(EXCLUDE_FILE(*crtend?.o *crtend.o) .ctors)
 *(SORT(.ctors.*))
 *(.ctors)

.dtors
 *crtbegin.o(.dtors)
 *crtbegin?.o(.dtors)
 *(EXCLUDE_FILE(*crtend?.o *crtend.o) .dtors)
 *(SORT(.dtors.*))
 *(.dtors)

.jcr            0x000000000001e00c        0x4
 *(.jcr)
 .jcr           0x000000000001e00c        0x0 /raid/tools/cross-compilers/riscv-rv32im-priv1.9/lib/gcc/riscv32-unknown-elf/6.1.0/crtbegin.o
 .jcr           0x000000000001e00c        0x4 /raid/tools/cross-compilers/riscv-rv32im-priv1.9/lib/gcc/riscv32-unknown-elf/6.1.0/crtend.o

.data.rel.ro
 *(.data.rel.ro.local* .gnu.linkonce.d.rel.ro.local.*)
 *(.data.rel.ro .data.rel.ro.* .gnu.linkonce.d.rel.ro.*)

.dynamic
 *(.dynamic)
                0x000000000001e010                . = DATA_SEGMENT_RELRO_END (., 0x0)

.data           0x000000000001e010      0x8a8
 *(.data .data.* .gnu.linkonce.d.*)
 .data          0x000000000001e010        0x0 /raid/tools/cross-compilers/riscv-rv32im-priv1.9/lib/gcc/riscv32-unknown-elf/6.1.0/../../../../riscv32-unknown-elf/lib/crt0.o
 .data          0x000000000001e010        0x0 /raid/tools/cross-compilers/riscv-rv32im-priv1.9/lib/gcc/riscv32-unknown-elf/6.1.0/crtbegin.o
 .data          0x000000000001e010        0x0 ./lib/startup.o
 .data          0x000000000001e010        0x0 ./lib/syscalls.o
 .data          0x000000000001e010        0x0 ./lib/riscv_counters.o
 .data          0x000000000001e010        0x0 ./lib/ns16550.o
 .data          0x000000000001e010        0x0 /tmp/cckGRKBX.o
 .data          0x000000000001e010        0x0 /raid/tools/cross-compilers/riscv-rv32im-priv1.9/lib/gcc/riscv32-unknown-elf/6.1.0/libgcc.a(_divdi3.o)
 .data          0x000000000001e010        0x0 /raid/tools/cross-compilers/riscv-rv32im-priv1.9/lib/gcc/riscv32-unknown-elf/6.1.0/libgcc.a(_moddi3.o)
 .data          0x000000000001e010        0x0 /raid/tools/cross-compilers/riscv-rv32im-priv1.9/lib/gcc/riscv32-unknown-elf/6.1.0/libgcc.a(_clz.o)
 .data          0x000000000001e010        0x0 /raid/tools/cross-compilers/riscv-rv32im-priv1.9/lib/gcc/riscv32-unknown-elf/6.1.0/../../../../riscv32-unknown-elf/lib/libc.a(lib_a-atexit.o)
 .data          0x000000000001e010        0x0 /raid/tools/cross-compilers/riscv-rv32im-priv1.9/lib/gcc/riscv32-unknown-elf/6.1.0/../../../../riscv32-unknown-elf/lib/libc.a(lib_a-exit.o)
 .data          0x000000000001e010        0x0 /raid/tools/cross-compilers/riscv-rv32im-priv1.9/lib/gcc/riscv32-unknown-elf/6.1.0/../../../../riscv32-unknown-elf/lib/libc.a(lib_a-fini.o)
 .data          0x000000000001e010      0x428 /raid/tools/cross-compilers/riscv-rv32im-priv1.9/lib/gcc/riscv32-unknown-elf/6.1.0/../../../../riscv32-unknown-elf/lib/libc.a(lib_a-impure.o)
 .data          0x000000000001e438        0x0 /raid/tools/cross-compilers/riscv-rv32im-priv1.9/lib/gcc/riscv32-unknown-elf/6.1.0/../../../../riscv32-unknown-elf/lib/libc.a(lib_a-init.o)
 .data          0x000000000001e438        0x0 /raid/tools/cross-compilers/riscv-rv32im-priv1.9/lib/gcc/riscv32-unknown-elf/6.1.0/../../../../riscv32-unknown-elf/lib/libc.a(lib_a-memset.o)
 .data          0x000000000001e438        0x0 /raid/tools/cross-compilers/riscv-rv32im-priv1.9/lib/gcc/riscv32-unknown-elf/6.1.0/../../../../riscv32-unknown-elf/lib/libc.a(lib_a-printf.o)
 .data          0x000000000001e438        0x0 /raid/tools/cross-compilers/riscv-rv32im-priv1.9/lib/gcc/riscv32-unknown-elf/6.1.0/../../../../riscv32-unknown-elf/lib/libc.a(lib_a-puts.o)
 .data          0x000000000001e438        0x0 /raid/tools/cross-compilers/riscv-rv32im-priv1.9/lib/gcc/riscv32-unknown-elf/6.1.0/../../../../riscv32-unknown-elf/lib/libc.a(lib_a-strlen.o)
 .data          0x000000000001e438        0x0 /raid/tools/cross-compilers/riscv-rv32im-priv1.9/lib/gcc/riscv32-unknown-elf/6.1.0/../../../../riscv32-unknown-elf/lib/libc.a(lib_a-vfprintf.o)
 .data          0x000000000001e438        0x0 /raid/tools/cross-compilers/riscv-rv32im-priv1.9/lib/gcc/riscv32-unknown-elf/6.1.0/../../../../riscv32-unknown-elf/lib/libc.a(lib_a-wsetup.o)
 .data          0x000000000001e438        0x0 /raid/tools/cross-compilers/riscv-rv32im-priv1.9/lib/gcc/riscv32-unknown-elf/6.1.0/../../../../riscv32-unknown-elf/lib/libc.a(lib_a-__atexit.o)
 .data          0x000000000001e438        0x0 /raid/tools/cross-compilers/riscv-rv32im-priv1.9/lib/gcc/riscv32-unknown-elf/6.1.0/../../../../riscv32-unknown-elf/lib/libc.a(lib_a-__call_atexit.o)
 .data          0x000000000001e438        0x0 /raid/tools/cross-compilers/riscv-rv32im-priv1.9/lib/gcc/riscv32-unknown-elf/6.1.0/../../../../riscv32-unknown-elf/lib/libc.a(lib_a-dtoa.o)
 .data          0x000000000001e438        0x0 /raid/tools/cross-compilers/riscv-rv32im-priv1.9/lib/gcc/riscv32-unknown-elf/6.1.0/../../../../riscv32-unknown-elf/lib/libc.a(lib_a-fflush.o)
 .data          0x000000000001e438        0x0 /raid/tools/cross-compilers/riscv-rv32im-priv1.9/lib/gcc/riscv32-unknown-elf/6.1.0/../../../../riscv32-unknown-elf/lib/libc.a(lib_a-findfp.o)
 .data          0x000000000001e438        0x0 /raid/tools/cross-compilers/riscv-rv32im-priv1.9/lib/gcc/riscv32-unknown-elf/6.1.0/../../../../riscv32-unknown-elf/lib/libc.a(lib_a-freer.o)
 .data          0x000000000001e438        0x0 /raid/tools/cross-compilers/riscv-rv32im-priv1.9/lib/gcc/riscv32-unknown-elf/6.1.0/../../../../riscv32-unknown-elf/lib/libc.a(lib_a-fvwrite.o)
 .data          0x000000000001e438        0x0 /raid/tools/cross-compilers/riscv-rv32im-priv1.9/lib/gcc/riscv32-unknown-elf/6.1.0/../../../../riscv32-unknown-elf/lib/libc.a(lib_a-fwalk.o)
 .data          0x000000000001e438       0x78 /raid/tools/cross-compilers/riscv-rv32im-priv1.9/lib/gcc/riscv32-unknown-elf/6.1.0/../../../../riscv32-unknown-elf/lib/libc.a(lib_a-locale.o)
 .data          0x000000000001e4b0        0x0 /raid/tools/cross-compilers/riscv-rv32im-priv1.9/lib/gcc/riscv32-unknown-elf/6.1.0/../../../../riscv32-unknown-elf/lib/libc.a(lib_a-makebuf.o)
 .data          0x000000000001e4b0      0x408 /raid/tools/cross-compilers/riscv-rv32im-priv1.9/lib/gcc/riscv32-unknown-elf/6.1.0/../../../../riscv32-unknown-elf/lib/libc.a(lib_a-mallocr.o)
                0x000000000001e4b0                __malloc_av_
 .data          0x000000000001e8b8        0x0 /raid/tools/cross-compilers/riscv-rv32im-priv1.9/lib/gcc/riscv32-unknown-elf/6.1.0/../../../../riscv32-unknown-elf/lib/libc.a(lib_a-memchr.o)
 .data          0x000000000001e8b8        0x0 /raid/tools/cross-compilers/riscv-rv32im-priv1.9/lib/gcc/riscv32-unknown-elf/6.1.0/../../../../riscv32-unknown-elf/lib/libc.a(lib_a-memcpy.o)
 .data          0x000000000001e8b8        0x0 /raid/tools/cross-compilers/riscv-rv32im-priv1.9/lib/gcc/riscv32-unknown-elf/6.1.0/../../../../riscv32-unknown-elf/lib/libc.a(lib_a-memmove.o)
 .data          0x000000000001e8b8        0x0 /raid/tools/cross-compilers/riscv-rv32im-priv1.9/lib/gcc/riscv32-unknown-elf/6.1.0/../../../../riscv32-unknown-elf/lib/libc.a(lib_a-mlock.o)
 .data          0x000000000001e8b8        0x0 /raid/tools/cross-compilers/riscv-rv32im-priv1.9/lib/gcc/riscv32-unknown-elf/6.1.0/../../../../riscv32-unknown-elf/lib/libc.a(lib_a-mprec.o)
 .data          0x000000000001e8b8        0x0 /raid/tools/cross-compilers/riscv-rv32im-priv1.9/lib/gcc/riscv32-unknown-elf/6.1.0/../../../../riscv32-unknown-elf/lib/libc.a(lib_a-reallocr.o)
 .data          0x000000000001e8b8        0x0 /raid/tools/cross-compilers/riscv-rv32im-priv1.9/lib/gcc/riscv32-unknown-elf/6.1.0/../../../../riscv32-unknown-elf/lib/libc.a(lib_a-sbrkr.o)
 .data          0x000000000001e8b8        0x0 /raid/tools/cross-compilers/riscv-rv32im-priv1.9/lib/gcc/riscv32-unknown-elf/6.1.0/../../../../riscv32-unknown-elf/lib/libc.a(lib_a-stdio.o)
 .data          0x000000000001e8b8        0x0 /raid/tools/cross-compilers/riscv-rv32im-priv1.9/lib/gcc/riscv32-unknown-elf/6.1.0/../../../../riscv32-unknown-elf/lib/libc.a(lib_a-strcmp.o)
 .data          0x000000000001e8b8        0x0 /raid/tools/cross-compilers/riscv-rv32im-priv1.9/lib/gcc/riscv32-unknown-elf/6.1.0/../../../../riscv32-unknown-elf/lib/libc.a(lib_a-vfiprintf.o)
 .data          0x000000000001e8b8        0x0 /raid/tools/cross-compilers/riscv-rv32im-priv1.9/lib/gcc/riscv32-unknown-elf/6.1.0/../../../../riscv32-unknown-elf/lib/libc.a(lib_a-writer.o)
 .data          0x000000000001e8b8        0x0 /raid/tools/cross-compilers/riscv-rv32im-priv1.9/lib/gcc/riscv32-unknown-elf/6.1.0/../../../../riscv32-unknown-elf/lib/libc.a(lib_a-callocr.o)
 .data          0x000000000001e8b8        0x0 /raid/tools/cross-compilers/riscv-rv32im-priv1.9/lib/gcc/riscv32-unknown-elf/6.1.0/../../../../riscv32-unknown-elf/lib/libc.a(lib_a-closer.o)
 .data          0x000000000001e8b8        0x0 /raid/tools/cross-compilers/riscv-rv32im-priv1.9/lib/gcc/riscv32-unknown-elf/6.1.0/../../../../riscv32-unknown-elf/lib/libc.a(lib_a-fclose.o)
 .data          0x000000000001e8b8        0x0 /raid/tools/cross-compilers/riscv-rv32im-priv1.9/lib/gcc/riscv32-unknown-elf/6.1.0/../../../../riscv32-unknown-elf/lib/libc.a(lib_a-fputwc.o)
 .data          0x000000000001e8b8        0x0 /raid/tools/cross-compilers/riscv-rv32im-priv1.9/lib/gcc/riscv32-unknown-elf/6.1.0/../../../../riscv32-unknown-elf/lib/libc.a(lib_a-fstatr.o)
 .data          0x000000000001e8b8        0x0 /raid/tools/cross-compilers/riscv-rv32im-priv1.9/lib/gcc/riscv32-unknown-elf/6.1.0/../../../../riscv32-unknown-elf/lib/libc.a(lib_a-isattyr.o)
 .data          0x000000000001e8b8        0x0 /raid/tools/cross-compilers/riscv-rv32im-priv1.9/lib/gcc/riscv32-unknown-elf/6.1.0/../../../../riscv32-unknown-elf/lib/libc.a(lib_a-lseekr.o)
 .data          0x000000000001e8b8        0x0 /raid/tools/cross-compilers/riscv-rv32im-priv1.9/lib/gcc/riscv32-unknown-elf/6.1.0/../../../../riscv32-unknown-elf/lib/libc.a(lib_a-readr.o)
 .data          0x000000000001e8b8        0x0 /raid/tools/cross-compilers/riscv-rv32im-priv1.9/lib/gcc/riscv32-unknown-elf/6.1.0/../../../../riscv32-unknown-elf/lib/libc.a(lib_a-reent.o)
 .data          0x000000000001e8b8        0x0 /raid/tools/cross-compilers/riscv-rv32im-priv1.9/lib/gcc/riscv32-unknown-elf/6.1.0/../../../../riscv32-unknown-elf/lib/libc.a(lib_a-wbuf.o)
 .data          0x000000000001e8b8        0x0 /raid/tools/cross-compilers/riscv-rv32im-priv1.9/lib/gcc/riscv32-unknown-elf/6.1.0/../../../../riscv32-unknown-elf/lib/libc.a(lib_a-wcrtomb.o)
 .data          0x000000000001e8b8        0x0 /raid/tools/cross-compilers/riscv-rv32im-priv1.9/lib/gcc/riscv32-unknown-elf/6.1.0/../../../../riscv32-unknown-elf/lib/libc.a(lib_a-wctomb_r.o)
 .data          0x000000000001e8b8        0x0 /raid/tools/cross-compilers/riscv-rv32im-priv1.9/lib/gcc/riscv32-unknown-elf/6.1.0/../../../../riscv32-unknown-elf/lib/libnosys.a(close.o)
 .data          0x000000000001e8b8        0x0 /raid/tools/cross-compilers/riscv-rv32im-priv1.9/lib/gcc/riscv32-unknown-elf/6.1.0/../../../../riscv32-unknown-elf/lib/libnosys.a(fstat.o)
 .data          0x000000000001e8b8        0x0 /raid/tools/cross-compilers/riscv-rv32im-priv1.9/lib/gcc/riscv32-unknown-elf/6.1.0/../../../../riscv32-unknown-elf/lib/libnosys.a(isatty.o)
 .data          0x000000000001e8b8        0x0 /raid/tools/cross-compilers/riscv-rv32im-priv1.9/lib/gcc/riscv32-unknown-elf/6.1.0/../../../../riscv32-unknown-elf/lib/libnosys.a(lseek.o)
 .data          0x000000000001e8b8        0x0 /raid/tools/cross-compilers/riscv-rv32im-priv1.9/lib/gcc/riscv32-unknown-elf/6.1.0/../../../../riscv32-unknown-elf/lib/libnosys.a(sbrk.o)
 .data          0x000000000001e8b8        0x0 /raid/tools/cross-compilers/riscv-rv32im-priv1.9/lib/gcc/riscv32-unknown-elf/6.1.0/../../../../riscv32-unknown-elf/lib/libnosys.a(_exit.o)
 .data          0x000000000001e8b8        0x0 /raid/tools/cross-compilers/riscv-rv32im-priv1.9/lib/gcc/riscv32-unknown-elf/6.1.0/libgcc.a(adddf3.o)
 .data          0x000000000001e8b8        0x0 /raid/tools/cross-compilers/riscv-rv32im-priv1.9/lib/gcc/riscv32-unknown-elf/6.1.0/libgcc.a(divdf3.o)
 .data          0x000000000001e8b8        0x0 /raid/tools/cross-compilers/riscv-rv32im-priv1.9/lib/gcc/riscv32-unknown-elf/6.1.0/libgcc.a(eqdf2.o)
 .data          0x000000000001e8b8        0x0 /raid/tools/cross-compilers/riscv-rv32im-priv1.9/lib/gcc/riscv32-unknown-elf/6.1.0/libgcc.a(gedf2.o)
 .data          0x000000000001e8b8        0x0 /raid/tools/cross-compilers/riscv-rv32im-priv1.9/lib/gcc/riscv32-unknown-elf/6.1.0/libgcc.a(ledf2.o)
 .data          0x000000000001e8b8        0x0 /raid/tools/cross-compilers/riscv-rv32im-priv1.9/lib/gcc/riscv32-unknown-elf/6.1.0/libgcc.a(muldf3.o)
 .data          0x000000000001e8b8        0x0 /raid/tools/cross-compilers/riscv-rv32im-priv1.9/lib/gcc/riscv32-unknown-elf/6.1.0/libgcc.a(subdf3.o)
 .data          0x000000000001e8b8        0x0 /raid/tools/cross-compilers/riscv-rv32im-priv1.9/lib/gcc/riscv32-unknown-elf/6.1.0/libgcc.a(unorddf2.o)
 .data          0x000000000001e8b8        0x0 /raid/tools/cross-compilers/riscv-rv32im-priv1.9/lib/gcc/riscv32-unknown-elf/6.1.0/libgcc.a(fixdfsi.o)
 .data          0x000000000001e8b8        0x0 /raid/tools/cross-compilers/riscv-rv32im-priv1.9/lib/gcc/riscv32-unknown-elf/6.1.0/libgcc.a(floatsidf.o)
 .data          0x000000000001e8b8        0x0 /raid/tools/cross-compilers/riscv-rv32im-priv1.9/lib/gcc/riscv32-unknown-elf/6.1.0/libgcc.a(floatunsidf.o)
 .data          0x000000000001e8b8        0x0 /raid/tools/cross-compilers/riscv-rv32im-priv1.9/lib/gcc/riscv32-unknown-elf/6.1.0/libgcc.a(trunctfdf2.o)
 .data          0x000000000001e8b8        0x0 /raid/tools/cross-compilers/riscv-rv32im-priv1.9/lib/gcc/riscv32-unknown-elf/6.1.0/libgcc.a(_clzsi2.o)
 .data          0x000000000001e8b8        0x0 /raid/tools/cross-compilers/riscv-rv32im-priv1.9/lib/gcc/riscv32-unknown-elf/6.1.0/crtend.o

.tm_clone_table
                0x000000000001e8b8        0x0
 .tm_clone_table
                0x000000000001e8b8        0x0 /raid/tools/cross-compilers/riscv-rv32im-priv1.9/lib/gcc/riscv32-unknown-elf/6.1.0/crtbegin.o
 .tm_clone_table
                0x000000000001e8b8        0x0 /raid/tools/cross-compilers/riscv-rv32im-priv1.9/lib/gcc/riscv32-unknown-elf/6.1.0/crtend.o

.data1
 *(.data1)

.got
 *(.got.plt)
 *(.igot.plt)
 *(.got)
 *(.igot)

.sdata          0x000000000001e8b8       0x74
                0x000000000001f0b8                _gp = (. + 0x800)
 *(.srodata.cst16)
 *(.srodata.cst8)
 .srodata.cst8  0x000000000001e8b8        0x8 /raid/tools/cross-compilers/riscv-rv32im-priv1.9/lib/gcc/riscv32-unknown-elf/6.1.0/../../../../riscv32-unknown-elf/lib/libc.a(lib_a-vfprintf.o)
 .srodata.cst8  0x000000000001e8c0       0x48 /raid/tools/cross-compilers/riscv-rv32im-priv1.9/lib/gcc/riscv32-unknown-elf/6.1.0/../../../../riscv32-unknown-elf/lib/libc.a(lib_a-dtoa.o)
 .srodata.cst8  0x000000000001e908       0x10 /raid/tools/cross-compilers/riscv-rv32im-priv1.9/lib/gcc/riscv32-unknown-elf/6.1.0/../../../../riscv32-unknown-elf/lib/libc.a(lib_a-mprec.o)
 *(.srodata.cst4)
 *(.srodata.cst2)
 *(.srodata .srodata.*)
 *(.sdata .sdata.* .gnu.linkonce.s.*)
 .sdata         0x000000000001e908        0x4 /raid/tools/cross-compilers/riscv-rv32im-priv1.9/lib/gcc/riscv32-unknown-elf/6.1.0/crtbegin.o
                0x000000000001e908                __dso_handle
 .sdata         0x000000000001e90c        0x4 ./lib/ns16550.o
 .sdata         0x000000000001e910        0x4 /tmp/cckGRKBX.o
                0x000000000001e910                base_addr
 .sdata         0x000000000001e914        0x8 /raid/tools/cross-compilers/riscv-rv32im-priv1.9/lib/gcc/riscv32-unknown-elf/6.1.0/../../../../riscv32-unknown-elf/lib/libc.a(lib_a-impure.o)
                0x000000000001e914                _global_impure_ptr
                0x000000000001e918                _impure_ptr
 .sdata         0x000000000001e91c        0x4 /raid/tools/cross-compilers/riscv-rv32im-priv1.9/lib/gcc/riscv32-unknown-elf/6.1.0/../../../../riscv32-unknown-elf/lib/libc.a(lib_a-locale.o)
                0x000000000001e91c                __mb_cur_max
 .sdata         0x000000000001e920        0x8 /raid/tools/cross-compilers/riscv-rv32im-priv1.9/lib/gcc/riscv32-unknown-elf/6.1.0/../../../../riscv32-unknown-elf/lib/libc.a(lib_a-mallocr.o)
                0x000000000001e920                __malloc_sbrk_base
                0x000000000001e924                __malloc_trim_threshold
 .sdata         0x000000000001e928        0x4 /raid/tools/cross-compilers/riscv-rv32im-priv1.9/lib/gcc/riscv32-unknown-elf/6.1.0/../../../../riscv32-unknown-elf/lib/libc.a(lib_a-wctomb_r.o)
                0x000000000001e928                __wctomb
                0x000000000001e92c                _edata = .
                [!provide]                        PROVIDE (edata, .)
                0x000000000001e92c                . = .
                0x000000000001e92c                __bss_start = .

.sbss           0x000000000001e92c       0x1c
 *(.dynsbss)
 *(.sbss .sbss.* .gnu.linkonce.sb.*)
 .sbss          0x000000000001e92c        0xc /raid/tools/cross-compilers/riscv-rv32im-priv1.9/lib/gcc/riscv32-unknown-elf/6.1.0/../../../../riscv32-unknown-elf/lib/libc.a(lib_a-locale.o)
                0x000000000001e92c                _PathLocale
                0x000000000001e930                __mlocale_changed
                0x000000000001e934                __nlocale_changed
 .sbss          0x000000000001e938        0xc /raid/tools/cross-compilers/riscv-rv32im-priv1.9/lib/gcc/riscv32-unknown-elf/6.1.0/../../../../riscv32-unknown-elf/lib/libc.a(lib_a-mallocr.o)
                0x000000000001e938                __malloc_max_total_mem
                0x000000000001e93c                __malloc_max_sbrked_mem
                0x000000000001e940                __malloc_top_pad
 .sbss          0x000000000001e944        0x4 /raid/tools/cross-compilers/riscv-rv32im-priv1.9/lib/gcc/riscv32-unknown-elf/6.1.0/../../../../riscv32-unknown-elf/lib/libnosys.a(sbrk.o)
 *(.scommon)

.bss            0x000000000001e948       0x48
 *(.dynbss)
 *(.bss .bss.* .gnu.linkonce.b.*)
 .bss           0x000000000001e948        0x0 /raid/tools/cross-compilers/riscv-rv32im-priv1.9/lib/gcc/riscv32-unknown-elf/6.1.0/../../../../riscv32-unknown-elf/lib/crt0.o
 .bss           0x000000000001e948       0x1c /raid/tools/cross-compilers/riscv-rv32im-priv1.9/lib/gcc/riscv32-unknown-elf/6.1.0/crtbegin.o
 .bss           0x000000000001e964        0x0 ./lib/startup.o
 .bss           0x000000000001e964        0x0 ./lib/syscalls.o
 .bss           0x000000000001e964        0x0 ./lib/riscv_counters.o
 .bss           0x000000000001e964        0x0 ./lib/ns16550.o
 .bss           0x000000000001e964        0x0 /tmp/cckGRKBX.o
 .bss           0x000000000001e964        0x0 /raid/tools/cross-compilers/riscv-rv32im-priv1.9/lib/gcc/riscv32-unknown-elf/6.1.0/libgcc.a(_divdi3.o)
 .bss           0x000000000001e964        0x0 /raid/tools/cross-compilers/riscv-rv32im-priv1.9/lib/gcc/riscv32-unknown-elf/6.1.0/libgcc.a(_moddi3.o)
 .bss           0x000000000001e964        0x0 /raid/tools/cross-compilers/riscv-rv32im-priv1.9/lib/gcc/riscv32-unknown-elf/6.1.0/libgcc.a(_clz.o)
 .bss           0x000000000001e964        0x0 /raid/tools/cross-compilers/riscv-rv32im-priv1.9/lib/gcc/riscv32-unknown-elf/6.1.0/../../../../riscv32-unknown-elf/lib/libc.a(lib_a-atexit.o)
 .bss           0x000000000001e964        0x0 /raid/tools/cross-compilers/riscv-rv32im-priv1.9/lib/gcc/riscv32-unknown-elf/6.1.0/../../../../riscv32-unknown-elf/lib/libc.a(lib_a-exit.o)
 .bss           0x000000000001e964        0x0 /raid/tools/cross-compilers/riscv-rv32im-priv1.9/lib/gcc/riscv32-unknown-elf/6.1.0/../../../../riscv32-unknown-elf/lib/libc.a(lib_a-fini.o)
 .bss           0x000000000001e964        0x0 /raid/tools/cross-compilers/riscv-rv32im-priv1.9/lib/gcc/riscv32-unknown-elf/6.1.0/../../../../riscv32-unknown-elf/lib/libc.a(lib_a-impure.o)
 .bss           0x000000000001e964        0x0 /raid/tools/cross-compilers/riscv-rv32im-priv1.9/lib/gcc/riscv32-unknown-elf/6.1.0/../../../../riscv32-unknown-elf/lib/libc.a(lib_a-init.o)
 .bss           0x000000000001e964        0x0 /raid/tools/cross-compilers/riscv-rv32im-priv1.9/lib/gcc/riscv32-unknown-elf/6.1.0/../../../../riscv32-unknown-elf/lib/libc.a(lib_a-memset.o)
 .bss           0x000000000001e964        0x0 /raid/tools/cross-compilers/riscv-rv32im-priv1.9/lib/gcc/riscv32-unknown-elf/6.1.0/../../../../riscv32-unknown-elf/lib/libc.a(lib_a-printf.o)
 .bss           0x000000000001e964        0x0 /raid/tools/cross-compilers/riscv-rv32im-priv1.9/lib/gcc/riscv32-unknown-elf/6.1.0/../../../../riscv32-unknown-elf/lib/libc.a(lib_a-puts.o)
 .bss           0x000000000001e964        0x0 /raid/tools/cross-compilers/riscv-rv32im-priv1.9/lib/gcc/riscv32-unknown-elf/6.1.0/../../../../riscv32-unknown-elf/lib/libc.a(lib_a-strlen.o)
 .bss           0x000000000001e964        0x0 /raid/tools/cross-compilers/riscv-rv32im-priv1.9/lib/gcc/riscv32-unknown-elf/6.1.0/../../../../riscv32-unknown-elf/lib/libc.a(lib_a-vfprintf.o)
 .bss           0x000000000001e964        0x0 /raid/tools/cross-compilers/riscv-rv32im-priv1.9/lib/gcc/riscv32-unknown-elf/6.1.0/../../../../riscv32-unknown-elf/lib/libc.a(lib_a-wsetup.o)
 .bss           0x000000000001e964        0x0 /raid/tools/cross-compilers/riscv-rv32im-priv1.9/lib/gcc/riscv32-unknown-elf/6.1.0/../../../../riscv32-unknown-elf/lib/libc.a(lib_a-__atexit.o)
 .bss           0x000000000001e964        0x0 /raid/tools/cross-compilers/riscv-rv32im-priv1.9/lib/gcc/riscv32-unknown-elf/6.1.0/../../../../riscv32-unknown-elf/lib/libc.a(lib_a-__call_atexit.o)
 .bss           0x000000000001e964        0x0 /raid/tools/cross-compilers/riscv-rv32im-priv1.9/lib/gcc/riscv32-unknown-elf/6.1.0/../../../../riscv32-unknown-elf/lib/libc.a(lib_a-dtoa.o)
 .bss           0x000000000001e964        0x0 /raid/tools/cross-compilers/riscv-rv32im-priv1.9/lib/gcc/riscv32-unknown-elf/6.1.0/../../../../riscv32-unknown-elf/lib/libc.a(lib_a-fflush.o)
 .bss           0x000000000001e964        0x0 /raid/tools/cross-compilers/riscv-rv32im-priv1.9/lib/gcc/riscv32-unknown-elf/6.1.0/../../../../riscv32-unknown-elf/lib/libc.a(lib_a-findfp.o)
 .bss           0x000000000001e964        0x0 /raid/tools/cross-compilers/riscv-rv32im-priv1.9/lib/gcc/riscv32-unknown-elf/6.1.0/../../../../riscv32-unknown-elf/lib/libc.a(lib_a-freer.o)
 .bss           0x000000000001e964        0x0 /raid/tools/cross-compilers/riscv-rv32im-priv1.9/lib/gcc/riscv32-unknown-elf/6.1.0/../../../../riscv32-unknown-elf/lib/libc.a(lib_a-fvwrite.o)
 .bss           0x000000000001e964        0x0 /raid/tools/cross-compilers/riscv-rv32im-priv1.9/lib/gcc/riscv32-unknown-elf/6.1.0/../../../../riscv32-unknown-elf/lib/libc.a(lib_a-fwalk.o)
 .bss           0x000000000001e964        0x0 /raid/tools/cross-compilers/riscv-rv32im-priv1.9/lib/gcc/riscv32-unknown-elf/6.1.0/../../../../riscv32-unknown-elf/lib/libc.a(lib_a-locale.o)
 .bss           0x000000000001e964        0x0 /raid/tools/cross-compilers/riscv-rv32im-priv1.9/lib/gcc/riscv32-unknown-elf/6.1.0/../../../../riscv32-unknown-elf/lib/libc.a(lib_a-makebuf.o)
 .bss           0x000000000001e964       0x28 /raid/tools/cross-compilers/riscv-rv32im-priv1.9/lib/gcc/riscv32-unknown-elf/6.1.0/../../../../riscv32-unknown-elf/lib/libc.a(lib_a-mallocr.o)
                0x000000000001e964                __malloc_current_mallinfo
 .bss           0x000000000001e98c        0x0 /raid/tools/cross-compilers/riscv-rv32im-priv1.9/lib/gcc/riscv32-unknown-elf/6.1.0/../../../../riscv32-unknown-elf/lib/libc.a(lib_a-memchr.o)
 .bss           0x000000000001e98c        0x0 /raid/tools/cross-compilers/riscv-rv32im-priv1.9/lib/gcc/riscv32-unknown-elf/6.1.0/../../../../riscv32-unknown-elf/lib/libc.a(lib_a-memcpy.o)
 .bss           0x000000000001e98c        0x0 /raid/tools/cross-compilers/riscv-rv32im-priv1.9/lib/gcc/riscv32-unknown-elf/6.1.0/../../../../riscv32-unknown-elf/lib/libc.a(lib_a-memmove.o)
 .bss           0x000000000001e98c        0x0 /raid/tools/cross-compilers/riscv-rv32im-priv1.9/lib/gcc/riscv32-unknown-elf/6.1.0/../../../../riscv32-unknown-elf/lib/libc.a(lib_a-mlock.o)
 .bss           0x000000000001e98c        0x0 /raid/tools/cross-compilers/riscv-rv32im-priv1.9/lib/gcc/riscv32-unknown-elf/6.1.0/../../../../riscv32-unknown-elf/lib/libc.a(lib_a-mprec.o)
 .bss           0x000000000001e98c        0x0 /raid/tools/cross-compilers/riscv-rv32im-priv1.9/lib/gcc/riscv32-unknown-elf/6.1.0/../../../../riscv32-unknown-elf/lib/libc.a(lib_a-reallocr.o)
 .bss           0x000000000001e98c        0x0 /raid/tools/cross-compilers/riscv-rv32im-priv1.9/lib/gcc/riscv32-unknown-elf/6.1.0/../../../../riscv32-unknown-elf/lib/libc.a(lib_a-sbrkr.o)
 .bss           0x000000000001e98c        0x0 /raid/tools/cross-compilers/riscv-rv32im-priv1.9/lib/gcc/riscv32-unknown-elf/6.1.0/../../../../riscv32-unknown-elf/lib/libc.a(lib_a-stdio.o)
 .bss           0x000000000001e98c        0x0 /raid/tools/cross-compilers/riscv-rv32im-priv1.9/lib/gcc/riscv32-unknown-elf/6.1.0/../../../../riscv32-unknown-elf/lib/libc.a(lib_a-strcmp.o)
 .bss           0x000000000001e98c        0x0 /raid/tools/cross-compilers/riscv-rv32im-priv1.9/lib/gcc/riscv32-unknown-elf/6.1.0/../../../../riscv32-unknown-elf/lib/libc.a(lib_a-vfiprintf.o)
 .bss           0x000000000001e98c        0x0 /raid/tools/cross-compilers/riscv-rv32im-priv1.9/lib/gcc/riscv32-unknown-elf/6.1.0/../../../../riscv32-unknown-elf/lib/libc.a(lib_a-writer.o)
 .bss           0x000000000001e98c        0x0 /raid/tools/cross-compilers/riscv-rv32im-priv1.9/lib/gcc/riscv32-unknown-elf/6.1.0/../../../../riscv32-unknown-elf/lib/libc.a(lib_a-callocr.o)
 .bss           0x000000000001e98c        0x0 /raid/tools/cross-compilers/riscv-rv32im-priv1.9/lib/gcc/riscv32-unknown-elf/6.1.0/../../../../riscv32-unknown-elf/lib/libc.a(lib_a-closer.o)
 .bss           0x000000000001e98c        0x0 /raid/tools/cross-compilers/riscv-rv32im-priv1.9/lib/gcc/riscv32-unknown-elf/6.1.0/../../../../riscv32-unknown-elf/lib/libc.a(lib_a-fclose.o)
 .bss           0x000000000001e98c        0x0 /raid/tools/cross-compilers/riscv-rv32im-priv1.9/lib/gcc/riscv32-unknown-elf/6.1.0/../../../../riscv32-unknown-elf/lib/libc.a(lib_a-fputwc.o)
 .bss           0x000000000001e98c        0x0 /raid/tools/cross-compilers/riscv-rv32im-priv1.9/lib/gcc/riscv32-unknown-elf/6.1.0/../../../../riscv32-unknown-elf/lib/libc.a(lib_a-fstatr.o)
 .bss           0x000000000001e98c        0x0 /raid/tools/cross-compilers/riscv-rv32im-priv1.9/lib/gcc/riscv32-unknown-elf/6.1.0/../../../../riscv32-unknown-elf/lib/libc.a(lib_a-isattyr.o)
 .bss           0x000000000001e98c        0x0 /raid/tools/cross-compilers/riscv-rv32im-priv1.9/lib/gcc/riscv32-unknown-elf/6.1.0/../../../../riscv32-unknown-elf/lib/libc.a(lib_a-lseekr.o)
 .bss           0x000000000001e98c        0x0 /raid/tools/cross-compilers/riscv-rv32im-priv1.9/lib/gcc/riscv32-unknown-elf/6.1.0/../../../../riscv32-unknown-elf/lib/libc.a(lib_a-readr.o)
 .bss           0x000000000001e98c        0x0 /raid/tools/cross-compilers/riscv-rv32im-priv1.9/lib/gcc/riscv32-unknown-elf/6.1.0/../../../../riscv32-unknown-elf/lib/libc.a(lib_a-reent.o)
 .bss           0x000000000001e98c        0x0 /raid/tools/cross-compilers/riscv-rv32im-priv1.9/lib/gcc/riscv32-unknown-elf/6.1.0/../../../../riscv32-unknown-elf/lib/libc.a(lib_a-wbuf.o)
 .bss           0x000000000001e98c        0x0 /raid/tools/cross-compilers/riscv-rv32im-priv1.9/lib/gcc/riscv32-unknown-elf/6.1.0/../../../../riscv32-unknown-elf/lib/libc.a(lib_a-wcrtomb.o)
 .bss           0x000000000001e98c        0x0 /raid/tools/cross-compilers/riscv-rv32im-priv1.9/lib/gcc/riscv32-unknown-elf/6.1.0/../../../../riscv32-unknown-elf/lib/libc.a(lib_a-wctomb_r.o)
 .bss           0x000000000001e98c        0x0 /raid/tools/cross-compilers/riscv-rv32im-priv1.9/lib/gcc/riscv32-unknown-elf/6.1.0/../../../../riscv32-unknown-elf/lib/libnosys.a(close.o)
 .bss           0x000000000001e98c        0x0 /raid/tools/cross-compilers/riscv-rv32im-priv1.9/lib/gcc/riscv32-unknown-elf/6.1.0/../../../../riscv32-unknown-elf/lib/libnosys.a(fstat.o)
 .bss           0x000000000001e98c        0x0 /raid/tools/cross-compilers/riscv-rv32im-priv1.9/lib/gcc/riscv32-unknown-elf/6.1.0/../../../../riscv32-unknown-elf/lib/libnosys.a(isatty.o)
 .bss           0x000000000001e98c        0x0 /raid/tools/cross-compilers/riscv-rv32im-priv1.9/lib/gcc/riscv32-unknown-elf/6.1.0/../../../../riscv32-unknown-elf/lib/libnosys.a(lseek.o)
 .bss           0x000000000001e98c        0x0 /raid/tools/cross-compilers/riscv-rv32im-priv1.9/lib/gcc/riscv32-unknown-elf/6.1.0/../../../../riscv32-unknown-elf/lib/libnosys.a(sbrk.o)
 .bss           0x000000000001e98c        0x0 /raid/tools/cross-compilers/riscv-rv32im-priv1.9/lib/gcc/riscv32-unknown-elf/6.1.0/../../../../riscv32-unknown-elf/lib/libnosys.a(_exit.o)
 .bss           0x000000000001e98c        0x0 /raid/tools/cross-compilers/riscv-rv32im-priv1.9/lib/gcc/riscv32-unknown-elf/6.1.0/libgcc.a(adddf3.o)
 .bss           0x000000000001e98c        0x0 /raid/tools/cross-compilers/riscv-rv32im-priv1.9/lib/gcc/riscv32-unknown-elf/6.1.0/libgcc.a(divdf3.o)
 .bss           0x000000000001e98c        0x0 /raid/tools/cross-compilers/riscv-rv32im-priv1.9/lib/gcc/riscv32-unknown-elf/6.1.0/libgcc.a(eqdf2.o)
 .bss           0x000000000001e98c        0x0 /raid/tools/cross-compilers/riscv-rv32im-priv1.9/lib/gcc/riscv32-unknown-elf/6.1.0/libgcc.a(gedf2.o)
 .bss           0x000000000001e98c        0x0 /raid/tools/cross-compilers/riscv-rv32im-priv1.9/lib/gcc/riscv32-unknown-elf/6.1.0/libgcc.a(ledf2.o)
 .bss           0x000000000001e98c        0x0 /raid/tools/cross-compilers/riscv-rv32im-priv1.9/lib/gcc/riscv32-unknown-elf/6.1.0/libgcc.a(muldf3.o)
 .bss           0x000000000001e98c        0x0 /raid/tools/cross-compilers/riscv-rv32im-priv1.9/lib/gcc/riscv32-unknown-elf/6.1.0/libgcc.a(subdf3.o)
 .bss           0x000000000001e98c        0x0 /raid/tools/cross-compilers/riscv-rv32im-priv1.9/lib/gcc/riscv32-unknown-elf/6.1.0/libgcc.a(unorddf2.o)
 .bss           0x000000000001e98c        0x0 /raid/tools/cross-compilers/riscv-rv32im-priv1.9/lib/gcc/riscv32-unknown-elf/6.1.0/libgcc.a(fixdfsi.o)
 .bss           0x000000000001e98c        0x0 /raid/tools/cross-compilers/riscv-rv32im-priv1.9/lib/gcc/riscv32-unknown-elf/6.1.0/libgcc.a(floatsidf.o)
 .bss           0x000000000001e98c        0x0 /raid/tools/cross-compilers/riscv-rv32im-priv1.9/lib/gcc/riscv32-unknown-elf/6.1.0/libgcc.a(floatunsidf.o)
 .bss           0x000000000001e98c        0x0 /raid/tools/cross-compilers/riscv-rv32im-priv1.9/lib/gcc/riscv32-unknown-elf/6.1.0/libgcc.a(trunctfdf2.o)
 .bss           0x000000000001e98c        0x0 /raid/tools/cross-compilers/riscv-rv32im-priv1.9/lib/gcc/riscv32-unknown-elf/6.1.0/libgcc.a(_clzsi2.o)
 .bss           0x000000000001e98c        0x0 /raid/tools/cross-compilers/riscv-rv32im-priv1.9/lib/gcc/riscv32-unknown-elf/6.1.0/crtend.o
 *(COMMON)
 COMMON         0x000000000001e98c        0x4 /raid/tools/cross-compilers/riscv-rv32im-priv1.9/lib/gcc/riscv32-unknown-elf/6.1.0/../../../../riscv32-unknown-elf/lib/libc.a(lib_a-reent.o)
                0x000000000001e98c                errno
                0x000000000001e990                . = ALIGN ((. != 0x0)?0x4:0x1)
LOAD /raid/tools/cross-compilers/riscv-rv32im-priv1.9/lib/gcc/riscv32-unknown-elf/6.1.0/../../../../riscv32-unknown-elf/lib/crt0.o
LOAD /raid/tools/cross-compilers/riscv-rv32im-priv1.9/lib/gcc/riscv32-unknown-elf/6.1.0/crtbegin.o

.startup        0x0000000000000000      0x22c
 startup.o(.text)
 .text          0x0000000000000000      0x22c ./lib/startup.o
                0x0000000000000200                _reset
                0x000000000000022c                . = ALIGN (0x4)
                0x000000000000022c                . = SEGMENT_START ("ldata-segment", .)
                0x000000000000022c                . = ALIGN (0x4)
                0x000000000000022c                _end = .
                0x000000000000022c                PROVIDE (end, .)
                0x000000000000022c                . = DATA_SEGMENT_END (.)

.stab
 *(.stab)

.stabstr
 *(.stabstr)

.stab.excl
 *(.stab.excl)

.stab.exclstr
 *(.stab.exclstr)

.stab.index
 *(.stab.index)

.stab.indexstr
 *(.stab.indexstr)

.comment        0x0000000000000000       0x11
 *(.comment)
 .comment       0x0000000000000000       0x11 /raid/tools/cross-compilers/riscv-rv32im-priv1.9/lib/gcc/riscv32-unknown-elf/6.1.0/crtbegin.o
                                         0x12 (size before relaxing)
 .comment       0x0000000000000011       0x12 ./lib/syscalls.o
 .comment       0x0000000000000011       0x12 ./lib/riscv_counters.o
 .comment       0x0000000000000011       0x12 ./lib/ns16550.o
 .comment       0x0000000000000011       0x12 /tmp/cckGRKBX.o
 .comment       0x0000000000000011       0x12 /raid/tools/cross-compilers/riscv-rv32im-priv1.9/lib/gcc/riscv32-unknown-elf/6.1.0/libgcc.a(_divdi3.o)
 .comment       0x0000000000000011       0x12 /raid/tools/cross-compilers/riscv-rv32im-priv1.9/lib/gcc/riscv32-unknown-elf/6.1.0/libgcc.a(_moddi3.o)
 .comment       0x0000000000000011       0x12 /raid/tools/cross-compilers/riscv-rv32im-priv1.9/lib/gcc/riscv32-unknown-elf/6.1.0/libgcc.a(_clz.o)
 .comment       0x0000000000000011       0x12 /raid/tools/cross-compilers/riscv-rv32im-priv1.9/lib/gcc/riscv32-unknown-elf/6.1.0/../../../../riscv32-unknown-elf/lib/libc.a(lib_a-atexit.o)
 .comment       0x0000000000000011       0x12 /raid/tools/cross-compilers/riscv-rv32im-priv1.9/lib/gcc/riscv32-unknown-elf/6.1.0/../../../../riscv32-unknown-elf/lib/libc.a(lib_a-exit.o)
 .comment       0x0000000000000011       0x12 /raid/tools/cross-compilers/riscv-rv32im-priv1.9/lib/gcc/riscv32-unknown-elf/6.1.0/../../../../riscv32-unknown-elf/lib/libc.a(lib_a-fini.o)
 .comment       0x0000000000000011       0x12 /raid/tools/cross-compilers/riscv-rv32im-priv1.9/lib/gcc/riscv32-unknown-elf/6.1.0/../../../../riscv32-unknown-elf/lib/libc.a(lib_a-impure.o)
 .comment       0x0000000000000011       0x12 /raid/tools/cross-compilers/riscv-rv32im-priv1.9/lib/gcc/riscv32-unknown-elf/6.1.0/../../../../riscv32-unknown-elf/lib/libc.a(lib_a-init.o)
 .comment       0x0000000000000011       0x12 /raid/tools/cross-compilers/riscv-rv32im-priv1.9/lib/gcc/riscv32-unknown-elf/6.1.0/../../../../riscv32-unknown-elf/lib/libc.a(lib_a-printf.o)
 .comment       0x0000000000000011       0x12 /raid/tools/cross-compilers/riscv-rv32im-priv1.9/lib/gcc/riscv32-unknown-elf/6.1.0/../../../../riscv32-unknown-elf/lib/libc.a(lib_a-puts.o)
 .comment       0x0000000000000011       0x12 /raid/tools/cross-compilers/riscv-rv32im-priv1.9/lib/gcc/riscv32-unknown-elf/6.1.0/../../../../riscv32-unknown-elf/lib/libc.a(lib_a-strlen.o)
 .comment       0x0000000000000011       0x12 /raid/tools/cross-compilers/riscv-rv32im-priv1.9/lib/gcc/riscv32-unknown-elf/6.1.0/../../../../riscv32-unknown-elf/lib/libc.a(lib_a-vfprintf.o)
 .comment       0x0000000000000011       0x12 /raid/tools/cross-compilers/riscv-rv32im-priv1.9/lib/gcc/riscv32-unknown-elf/6.1.0/../../../../riscv32-unknown-elf/lib/libc.a(lib_a-wsetup.o)
 .comment       0x0000000000000011       0x12 /raid/tools/cross-compilers/riscv-rv32im-priv1.9/lib/gcc/riscv32-unknown-elf/6.1.0/../../../../riscv32-unknown-elf/lib/libc.a(lib_a-__atexit.o)
 .comment       0x0000000000000011       0x12 /raid/tools/cross-compilers/riscv-rv32im-priv1.9/lib/gcc/riscv32-unknown-elf/6.1.0/../../../../riscv32-unknown-elf/lib/libc.a(lib_a-__call_atexit.o)
 .comment       0x0000000000000011       0x12 /raid/tools/cross-compilers/riscv-rv32im-priv1.9/lib/gcc/riscv32-unknown-elf/6.1.0/../../../../riscv32-unknown-elf/lib/libc.a(lib_a-dtoa.o)
 .comment       0x0000000000000011       0x12 /raid/tools/cross-compilers/riscv-rv32im-priv1.9/lib/gcc/riscv32-unknown-elf/6.1.0/../../../../riscv32-unknown-elf/lib/libc.a(lib_a-fflush.o)
 .comment       0x0000000000000011       0x12 /raid/tools/cross-compilers/riscv-rv32im-priv1.9/lib/gcc/riscv32-unknown-elf/6.1.0/../../../../riscv32-unknown-elf/lib/libc.a(lib_a-findfp.o)
 .comment       0x0000000000000011       0x12 /raid/tools/cross-compilers/riscv-rv32im-priv1.9/lib/gcc/riscv32-unknown-elf/6.1.0/../../../../riscv32-unknown-elf/lib/libc.a(lib_a-freer.o)
 .comment       0x0000000000000011       0x12 /raid/tools/cross-compilers/riscv-rv32im-priv1.9/lib/gcc/riscv32-unknown-elf/6.1.0/../../../../riscv32-unknown-elf/lib/libc.a(lib_a-fvwrite.o)
 .comment       0x0000000000000011       0x12 /raid/tools/cross-compilers/riscv-rv32im-priv1.9/lib/gcc/riscv32-unknown-elf/6.1.0/../../../../riscv32-unknown-elf/lib/libc.a(lib_a-fwalk.o)
 .comment       0x0000000000000011       0x12 /raid/tools/cross-compilers/riscv-rv32im-priv1.9/lib/gcc/riscv32-unknown-elf/6.1.0/../../../../riscv32-unknown-elf/lib/libc.a(lib_a-locale.o)
 .comment       0x0000000000000011       0x12 /raid/tools/cross-compilers/riscv-rv32im-priv1.9/lib/gcc/riscv32-unknown-elf/6.1.0/../../../../riscv32-unknown-elf/lib/libc.a(lib_a-makebuf.o)
 .comment       0x0000000000000011       0x12 /raid/tools/cross-compilers/riscv-rv32im-priv1.9/lib/gcc/riscv32-unknown-elf/6.1.0/../../../../riscv32-unknown-elf/lib/libc.a(lib_a-mallocr.o)
 .comment       0x0000000000000011       0x12 /raid/tools/cross-compilers/riscv-rv32im-priv1.9/lib/gcc/riscv32-unknown-elf/6.1.0/../../../../riscv32-unknown-elf/lib/libc.a(lib_a-memchr.o)
 .comment       0x0000000000000011       0x12 /raid/tools/cross-compilers/riscv-rv32im-priv1.9/lib/gcc/riscv32-unknown-elf/6.1.0/../../../../riscv32-unknown-elf/lib/libc.a(lib_a-memcpy.o)
 .comment       0x0000000000000011       0x12 /raid/tools/cross-compilers/riscv-rv32im-priv1.9/lib/gcc/riscv32-unknown-elf/6.1.0/../../../../riscv32-unknown-elf/lib/libc.a(lib_a-memmove.o)
 .comment       0x0000000000000011       0x12 /raid/tools/cross-compilers/riscv-rv32im-priv1.9/lib/gcc/riscv32-unknown-elf/6.1.0/../../../../riscv32-unknown-elf/lib/libc.a(lib_a-mlock.o)
 .comment       0x0000000000000011       0x12 /raid/tools/cross-compilers/riscv-rv32im-priv1.9/lib/gcc/riscv32-unknown-elf/6.1.0/../../../../riscv32-unknown-elf/lib/libc.a(lib_a-mprec.o)
 .comment       0x0000000000000011       0x12 /raid/tools/cross-compilers/riscv-rv32im-priv1.9/lib/gcc/riscv32-unknown-elf/6.1.0/../../../../riscv32-unknown-elf/lib/libc.a(lib_a-reallocr.o)
 .comment       0x0000000000000011       0x12 /raid/tools/cross-compilers/riscv-rv32im-priv1.9/lib/gcc/riscv32-unknown-elf/6.1.0/../../../../riscv32-unknown-elf/lib/libc.a(lib_a-sbrkr.o)
 .comment       0x0000000000000011       0x12 /raid/tools/cross-compilers/riscv-rv32im-priv1.9/lib/gcc/riscv32-unknown-elf/6.1.0/../../../../riscv32-unknown-elf/lib/libc.a(lib_a-stdio.o)
 .comment       0x0000000000000011       0x12 /raid/tools/cross-compilers/riscv-rv32im-priv1.9/lib/gcc/riscv32-unknown-elf/6.1.0/../../../../riscv32-unknown-elf/lib/libc.a(lib_a-vfiprintf.o)
 .comment       0x0000000000000011       0x12 /raid/tools/cross-compilers/riscv-rv32im-priv1.9/lib/gcc/riscv32-unknown-elf/6.1.0/../../../../riscv32-unknown-elf/lib/libc.a(lib_a-writer.o)
 .comment       0x0000000000000011       0x12 /raid/tools/cross-compilers/riscv-rv32im-priv1.9/lib/gcc/riscv32-unknown-elf/6.1.0/../../../../riscv32-unknown-elf/lib/libc.a(lib_a-callocr.o)
 .comment       0x0000000000000011       0x12 /raid/tools/cross-compilers/riscv-rv32im-priv1.9/lib/gcc/riscv32-unknown-elf/6.1.0/../../../../riscv32-unknown-elf/lib/libc.a(lib_a-closer.o)
 .comment       0x0000000000000011       0x12 /raid/tools/cross-compilers/riscv-rv32im-priv1.9/lib/gcc/riscv32-unknown-elf/6.1.0/../../../../riscv32-unknown-elf/lib/libc.a(lib_a-fclose.o)
 .comment       0x0000000000000011       0x12 /raid/tools/cross-compilers/riscv-rv32im-priv1.9/lib/gcc/riscv32-unknown-elf/6.1.0/../../../../riscv32-unknown-elf/lib/libc.a(lib_a-fputwc.o)
 .comment       0x0000000000000011       0x12 /raid/tools/cross-compilers/riscv-rv32im-priv1.9/lib/gcc/riscv32-unknown-elf/6.1.0/../../../../riscv32-unknown-elf/lib/libc.a(lib_a-fstatr.o)
 .comment       0x0000000000000011       0x12 /raid/tools/cross-compilers/riscv-rv32im-priv1.9/lib/gcc/riscv32-unknown-elf/6.1.0/../../../../riscv32-unknown-elf/lib/libc.a(lib_a-isattyr.o)
 .comment       0x0000000000000011       0x12 /raid/tools/cross-compilers/riscv-rv32im-priv1.9/lib/gcc/riscv32-unknown-elf/6.1.0/../../../../riscv32-unknown-elf/lib/libc.a(lib_a-lseekr.o)
 .comment       0x0000000000000011       0x12 /raid/tools/cross-compilers/riscv-rv32im-priv1.9/lib/gcc/riscv32-unknown-elf/6.1.0/../../../../riscv32-unknown-elf/lib/libc.a(lib_a-readr.o)
 .comment       0x0000000000000011       0x12 /raid/tools/cross-compilers/riscv-rv32im-priv1.9/lib/gcc/riscv32-unknown-elf/6.1.0/../../../../riscv32-unknown-elf/lib/libc.a(lib_a-reent.o)
 .comment       0x0000000000000011       0x12 /raid/tools/cross-compilers/riscv-rv32im-priv1.9/lib/gcc/riscv32-unknown-elf/6.1.0/../../../../riscv32-unknown-elf/lib/libc.a(lib_a-wbuf.o)
 .comment       0x0000000000000011       0x12 /raid/tools/cross-compilers/riscv-rv32im-priv1.9/lib/gcc/riscv32-unknown-elf/6.1.0/../../../../riscv32-unknown-elf/lib/libc.a(lib_a-wcrtomb.o)
 .comment       0x0000000000000011       0x12 /raid/tools/cross-compilers/riscv-rv32im-priv1.9/lib/gcc/riscv32-unknown-elf/6.1.0/../../../../riscv32-unknown-elf/lib/libc.a(lib_a-wctomb_r.o)
 .comment       0x0000000000000011       0x12 /raid/tools/cross-compilers/riscv-rv32im-priv1.9/lib/gcc/riscv32-unknown-elf/6.1.0/../../../../riscv32-unknown-elf/lib/libnosys.a(close.o)
 .comment       0x0000000000000011       0x12 /raid/tools/cross-compilers/riscv-rv32im-priv1.9/lib/gcc/riscv32-unknown-elf/6.1.0/../../../../riscv32-unknown-elf/lib/libnosys.a(fstat.o)
 .comment       0x0000000000000011       0x12 /raid/tools/cross-compilers/riscv-rv32im-priv1.9/lib/gcc/riscv32-unknown-elf/6.1.0/../../../../riscv32-unknown-elf/lib/libnosys.a(isatty.o)
 .comment       0x0000000000000011       0x12 /raid/tools/cross-compilers/riscv-rv32im-priv1.9/lib/gcc/riscv32-unknown-elf/6.1.0/../../../../riscv32-unknown-elf/lib/libnosys.a(lseek.o)
 .comment       0x0000000000000011       0x12 /raid/tools/cross-compilers/riscv-rv32im-priv1.9/lib/gcc/riscv32-unknown-elf/6.1.0/../../../../riscv32-unknown-elf/lib/libnosys.a(sbrk.o)
 .comment       0x0000000000000011       0x12 /raid/tools/cross-compilers/riscv-rv32im-priv1.9/lib/gcc/riscv32-unknown-elf/6.1.0/../../../../riscv32-unknown-elf/lib/libnosys.a(_exit.o)
 .comment       0x0000000000000011       0x12 /raid/tools/cross-compilers/riscv-rv32im-priv1.9/lib/gcc/riscv32-unknown-elf/6.1.0/libgcc.a(adddf3.o)
 .comment       0x0000000000000011       0x12 /raid/tools/cross-compilers/riscv-rv32im-priv1.9/lib/gcc/riscv32-unknown-elf/6.1.0/libgcc.a(divdf3.o)
 .comment       0x0000000000000011       0x12 /raid/tools/cross-compilers/riscv-rv32im-priv1.9/lib/gcc/riscv32-unknown-elf/6.1.0/libgcc.a(eqdf2.o)
 .comment       0x0000000000000011       0x12 /raid/tools/cross-compilers/riscv-rv32im-priv1.9/lib/gcc/riscv32-unknown-elf/6.1.0/libgcc.a(gedf2.o)
 .comment       0x0000000000000011       0x12 /raid/tools/cross-compilers/riscv-rv32im-priv1.9/lib/gcc/riscv32-unknown-elf/6.1.0/libgcc.a(ledf2.o)
 .comment       0x0000000000000011       0x12 /raid/tools/cross-compilers/riscv-rv32im-priv1.9/lib/gcc/riscv32-unknown-elf/6.1.0/libgcc.a(muldf3.o)
 .comment       0x0000000000000011       0x12 /raid/tools/cross-compilers/riscv-rv32im-priv1.9/lib/gcc/riscv32-unknown-elf/6.1.0/libgcc.a(subdf3.o)
 .comment       0x0000000000000011       0x12 /raid/tools/cross-compilers/riscv-rv32im-priv1.9/lib/gcc/riscv32-unknown-elf/6.1.0/libgcc.a(unorddf2.o)
 .comment       0x0000000000000011       0x12 /raid/tools/cross-compilers/riscv-rv32im-priv1.9/lib/gcc/riscv32-unknown-elf/6.1.0/libgcc.a(fixdfsi.o)
 .comment       0x0000000000000011       0x12 /raid/tools/cross-compilers/riscv-rv32im-priv1.9/lib/gcc/riscv32-unknown-elf/6.1.0/libgcc.a(floatsidf.o)
 .comment       0x0000000000000011       0x12 /raid/tools/cross-compilers/riscv-rv32im-priv1.9/lib/gcc/riscv32-unknown-elf/6.1.0/libgcc.a(floatunsidf.o)
 .comment       0x0000000000000011       0x12 /raid/tools/cross-compilers/riscv-rv32im-priv1.9/lib/gcc/riscv32-unknown-elf/6.1.0/libgcc.a(trunctfdf2.o)
 .comment       0x0000000000000011       0x12 /raid/tools/cross-compilers/riscv-rv32im-priv1.9/lib/gcc/riscv32-unknown-elf/6.1.0/libgcc.a(_clzsi2.o)
 .comment       0x0000000000000011       0x12 /raid/tools/cross-compilers/riscv-rv32im-priv1.9/lib/gcc/riscv32-unknown-elf/6.1.0/crtend.o

.debug
 *(.debug)

.line
 *(.line)

.debug_srcinfo
 *(.debug_srcinfo)

.debug_sfnames
 *(.debug_sfnames)

.debug_aranges  0x0000000000000000      0x910
 *(.debug_aranges)
 .debug_aranges
                0x0000000000000000       0x20 /raid/tools/cross-compilers/riscv-rv32im-priv1.9/lib/gcc/riscv32-unknown-elf/6.1.0/../../../../riscv32-unknown-elf/lib/crt0.o
 .debug_aranges
                0x0000000000000020       0x20 ./lib/startup.o
 .debug_aranges
                0x0000000000000040       0x20 ./lib/syscalls.o
 .debug_aranges
                0x0000000000000060       0x20 ./lib/riscv_counters.o
 .debug_aranges
                0x0000000000000080       0x20 ./lib/ns16550.o
 .debug_aranges
                0x00000000000000a0       0x20 /tmp/cckGRKBX.o
 .debug_aranges
                0x00000000000000c0       0x20 /raid/tools/cross-compilers/riscv-rv32im-priv1.9/lib/gcc/riscv32-unknown-elf/6.1.0/libgcc.a(_divdi3.o)
 .debug_aranges
                0x00000000000000e0       0x20 /raid/tools/cross-compilers/riscv-rv32im-priv1.9/lib/gcc/riscv32-unknown-elf/6.1.0/libgcc.a(_moddi3.o)
 .debug_aranges
                0x0000000000000100       0x18 /raid/tools/cross-compilers/riscv-rv32im-priv1.9/lib/gcc/riscv32-unknown-elf/6.1.0/libgcc.a(_clz.o)
 .debug_aranges
                0x0000000000000118       0x20 /raid/tools/cross-compilers/riscv-rv32im-priv1.9/lib/gcc/riscv32-unknown-elf/6.1.0/../../../../riscv32-unknown-elf/lib/libc.a(lib_a-atexit.o)
 .debug_aranges
                0x0000000000000138       0x20 /raid/tools/cross-compilers/riscv-rv32im-priv1.9/lib/gcc/riscv32-unknown-elf/6.1.0/../../../../riscv32-unknown-elf/lib/libc.a(lib_a-exit.o)
 .debug_aranges
                0x0000000000000158       0x20 /raid/tools/cross-compilers/riscv-rv32im-priv1.9/lib/gcc/riscv32-unknown-elf/6.1.0/../../../../riscv32-unknown-elf/lib/libc.a(lib_a-fini.o)
 .debug_aranges
                0x0000000000000178       0x18 /raid/tools/cross-compilers/riscv-rv32im-priv1.9/lib/gcc/riscv32-unknown-elf/6.1.0/../../../../riscv32-unknown-elf/lib/libc.a(lib_a-impure.o)
 .debug_aranges
                0x0000000000000190       0x20 /raid/tools/cross-compilers/riscv-rv32im-priv1.9/lib/gcc/riscv32-unknown-elf/6.1.0/../../../../riscv32-unknown-elf/lib/libc.a(lib_a-init.o)
 .debug_aranges
                0x00000000000001b0       0x20 /raid/tools/cross-compilers/riscv-rv32im-priv1.9/lib/gcc/riscv32-unknown-elf/6.1.0/../../../../riscv32-unknown-elf/lib/libc.a(lib_a-memset.o)
 .debug_aranges
                0x00000000000001d0       0x20 /raid/tools/cross-compilers/riscv-rv32im-priv1.9/lib/gcc/riscv32-unknown-elf/6.1.0/../../../../riscv32-unknown-elf/lib/libc.a(lib_a-printf.o)
 .debug_aranges
                0x00000000000001f0       0x20 /raid/tools/cross-compilers/riscv-rv32im-priv1.9/lib/gcc/riscv32-unknown-elf/6.1.0/../../../../riscv32-unknown-elf/lib/libc.a(lib_a-puts.o)
 .debug_aranges
                0x0000000000000210       0x20 /raid/tools/cross-compilers/riscv-rv32im-priv1.9/lib/gcc/riscv32-unknown-elf/6.1.0/../../../../riscv32-unknown-elf/lib/libc.a(lib_a-strlen.o)
 .debug_aranges
                0x0000000000000230       0x20 /raid/tools/cross-compilers/riscv-rv32im-priv1.9/lib/gcc/riscv32-unknown-elf/6.1.0/../../../../riscv32-unknown-elf/lib/libc.a(lib_a-vfprintf.o)
 .debug_aranges
                0x0000000000000250       0x20 /raid/tools/cross-compilers/riscv-rv32im-priv1.9/lib/gcc/riscv32-unknown-elf/6.1.0/../../../../riscv32-unknown-elf/lib/libc.a(lib_a-wsetup.o)
 .debug_aranges
                0x0000000000000270       0x20 /raid/tools/cross-compilers/riscv-rv32im-priv1.9/lib/gcc/riscv32-unknown-elf/6.1.0/../../../../riscv32-unknown-elf/lib/libc.a(lib_a-__atexit.o)
 .debug_aranges
                0x0000000000000290       0x20 /raid/tools/cross-compilers/riscv-rv32im-priv1.9/lib/gcc/riscv32-unknown-elf/6.1.0/../../../../riscv32-unknown-elf/lib/libc.a(lib_a-__call_atexit.o)
 .debug_aranges
                0x00000000000002b0       0x20 /raid/tools/cross-compilers/riscv-rv32im-priv1.9/lib/gcc/riscv32-unknown-elf/6.1.0/../../../../riscv32-unknown-elf/lib/libc.a(lib_a-dtoa.o)
 .debug_aranges
                0x00000000000002d0       0x20 /raid/tools/cross-compilers/riscv-rv32im-priv1.9/lib/gcc/riscv32-unknown-elf/6.1.0/../../../../riscv32-unknown-elf/lib/libc.a(lib_a-fflush.o)
 .debug_aranges
                0x00000000000002f0       0x20 /raid/tools/cross-compilers/riscv-rv32im-priv1.9/lib/gcc/riscv32-unknown-elf/6.1.0/../../../../riscv32-unknown-elf/lib/libc.a(lib_a-findfp.o)
 .debug_aranges
                0x0000000000000310       0x20 /raid/tools/cross-compilers/riscv-rv32im-priv1.9/lib/gcc/riscv32-unknown-elf/6.1.0/../../../../riscv32-unknown-elf/lib/libc.a(lib_a-freer.o)
 .debug_aranges
                0x0000000000000330       0x20 /raid/tools/cross-compilers/riscv-rv32im-priv1.9/lib/gcc/riscv32-unknown-elf/6.1.0/../../../../riscv32-unknown-elf/lib/libc.a(lib_a-fvwrite.o)
 .debug_aranges
                0x0000000000000350       0x20 /raid/tools/cross-compilers/riscv-rv32im-priv1.9/lib/gcc/riscv32-unknown-elf/6.1.0/../../../../riscv32-unknown-elf/lib/libc.a(lib_a-fwalk.o)
 .debug_aranges
                0x0000000000000370       0x20 /raid/tools/cross-compilers/riscv-rv32im-priv1.9/lib/gcc/riscv32-unknown-elf/6.1.0/../../../../riscv32-unknown-elf/lib/libc.a(lib_a-locale.o)
 .debug_aranges
                0x0000000000000390       0x20 /raid/tools/cross-compilers/riscv-rv32im-priv1.9/lib/gcc/riscv32-unknown-elf/6.1.0/../../../../riscv32-unknown-elf/lib/libc.a(lib_a-makebuf.o)
 .debug_aranges
                0x00000000000003b0       0x20 /raid/tools/cross-compilers/riscv-rv32im-priv1.9/lib/gcc/riscv32-unknown-elf/6.1.0/../../../../riscv32-unknown-elf/lib/libc.a(lib_a-mallocr.o)
 .debug_aranges
                0x00000000000003d0       0x20 /raid/tools/cross-compilers/riscv-rv32im-priv1.9/lib/gcc/riscv32-unknown-elf/6.1.0/../../../../riscv32-unknown-elf/lib/libc.a(lib_a-memchr.o)
 .debug_aranges
                0x00000000000003f0       0x20 /raid/tools/cross-compilers/riscv-rv32im-priv1.9/lib/gcc/riscv32-unknown-elf/6.1.0/../../../../riscv32-unknown-elf/lib/libc.a(lib_a-memcpy.o)
 .debug_aranges
                0x0000000000000410       0x20 /raid/tools/cross-compilers/riscv-rv32im-priv1.9/lib/gcc/riscv32-unknown-elf/6.1.0/../../../../riscv32-unknown-elf/lib/libc.a(lib_a-memmove.o)
 .debug_aranges
                0x0000000000000430       0x20 /raid/tools/cross-compilers/riscv-rv32im-priv1.9/lib/gcc/riscv32-unknown-elf/6.1.0/../../../../riscv32-unknown-elf/lib/libc.a(lib_a-mlock.o)
 .debug_aranges
                0x0000000000000450       0x20 /raid/tools/cross-compilers/riscv-rv32im-priv1.9/lib/gcc/riscv32-unknown-elf/6.1.0/../../../../riscv32-unknown-elf/lib/libc.a(lib_a-mprec.o)
 .debug_aranges
                0x0000000000000470       0x20 /raid/tools/cross-compilers/riscv-rv32im-priv1.9/lib/gcc/riscv32-unknown-elf/6.1.0/../../../../riscv32-unknown-elf/lib/libc.a(lib_a-reallocr.o)
 .debug_aranges
                0x0000000000000490       0x20 /raid/tools/cross-compilers/riscv-rv32im-priv1.9/lib/gcc/riscv32-unknown-elf/6.1.0/../../../../riscv32-unknown-elf/lib/libc.a(lib_a-sbrkr.o)
 .debug_aranges
                0x00000000000004b0       0x20 /raid/tools/cross-compilers/riscv-rv32im-priv1.9/lib/gcc/riscv32-unknown-elf/6.1.0/../../../../riscv32-unknown-elf/lib/libc.a(lib_a-stdio.o)
 .debug_aranges
                0x00000000000004d0       0x20 /raid/tools/cross-compilers/riscv-rv32im-priv1.9/lib/gcc/riscv32-unknown-elf/6.1.0/../../../../riscv32-unknown-elf/lib/libc.a(lib_a-strcmp.o)
 .debug_aranges
                0x00000000000004f0       0x20 /raid/tools/cross-compilers/riscv-rv32im-priv1.9/lib/gcc/riscv32-unknown-elf/6.1.0/../../../../riscv32-unknown-elf/lib/libc.a(lib_a-vfiprintf.o)
 .debug_aranges
                0x0000000000000510       0x20 /raid/tools/cross-compilers/riscv-rv32im-priv1.9/lib/gcc/riscv32-unknown-elf/6.1.0/../../../../riscv32-unknown-elf/lib/libc.a(lib_a-writer.o)
 .debug_aranges
                0x0000000000000530       0x20 /raid/tools/cross-compilers/riscv-rv32im-priv1.9/lib/gcc/riscv32-unknown-elf/6.1.0/../../../../riscv32-unknown-elf/lib/libc.a(lib_a-callocr.o)
 .debug_aranges
                0x0000000000000550       0x20 /raid/tools/cross-compilers/riscv-rv32im-priv1.9/lib/gcc/riscv32-unknown-elf/6.1.0/../../../../riscv32-unknown-elf/lib/libc.a(lib_a-closer.o)
 .debug_aranges
                0x0000000000000570       0x20 /raid/tools/cross-compilers/riscv-rv32im-priv1.9/lib/gcc/riscv32-unknown-elf/6.1.0/../../../../riscv32-unknown-elf/lib/libc.a(lib_a-fclose.o)
 .debug_aranges
                0x0000000000000590       0x20 /raid/tools/cross-compilers/riscv-rv32im-priv1.9/lib/gcc/riscv32-unknown-elf/6.1.0/../../../../riscv32-unknown-elf/lib/libc.a(lib_a-fputwc.o)
 .debug_aranges
                0x00000000000005b0       0x20 /raid/tools/cross-compilers/riscv-rv32im-priv1.9/lib/gcc/riscv32-unknown-elf/6.1.0/../../../../riscv32-unknown-elf/lib/libc.a(lib_a-fstatr.o)
 .debug_aranges
                0x00000000000005d0       0x20 /raid/tools/cross-compilers/riscv-rv32im-priv1.9/lib/gcc/riscv32-unknown-elf/6.1.0/../../../../riscv32-unknown-elf/lib/libc.a(lib_a-isattyr.o)
 .debug_aranges
                0x00000000000005f0       0x20 /raid/tools/cross-compilers/riscv-rv32im-priv1.9/lib/gcc/riscv32-unknown-elf/6.1.0/../../../../riscv32-unknown-elf/lib/libc.a(lib_a-lseekr.o)
 .debug_aranges
                0x0000000000000610       0x20 /raid/tools/cross-compilers/riscv-rv32im-priv1.9/lib/gcc/riscv32-unknown-elf/6.1.0/../../../../riscv32-unknown-elf/lib/libc.a(lib_a-readr.o)
 .debug_aranges
                0x0000000000000630       0x20 /raid/tools/cross-compilers/riscv-rv32im-priv1.9/lib/gcc/riscv32-unknown-elf/6.1.0/../../../../riscv32-unknown-elf/lib/libc.a(lib_a-reent.o)
 .debug_aranges
                0x0000000000000650       0x20 /raid/tools/cross-compilers/riscv-rv32im-priv1.9/lib/gcc/riscv32-unknown-elf/6.1.0/../../../../riscv32-unknown-elf/lib/libc.a(lib_a-wbuf.o)
 .debug_aranges
                0x0000000000000670       0x20 /raid/tools/cross-compilers/riscv-rv32im-priv1.9/lib/gcc/riscv32-unknown-elf/6.1.0/../../../../riscv32-unknown-elf/lib/libc.a(lib_a-wcrtomb.o)
 .debug_aranges
                0x0000000000000690       0x20 /raid/tools/cross-compilers/riscv-rv32im-priv1.9/lib/gcc/riscv32-unknown-elf/6.1.0/../../../../riscv32-unknown-elf/lib/libc.a(lib_a-wctomb_r.o)
 .debug_aranges
                0x00000000000006b0       0x20 /raid/tools/cross-compilers/riscv-rv32im-priv1.9/lib/gcc/riscv32-unknown-elf/6.1.0/../../../../riscv32-unknown-elf/lib/libnosys.a(close.o)
 .debug_aranges
                0x00000000000006d0       0x20 /raid/tools/cross-compilers/riscv-rv32im-priv1.9/lib/gcc/riscv32-unknown-elf/6.1.0/../../../../riscv32-unknown-elf/lib/libnosys.a(fstat.o)
 .debug_aranges
                0x00000000000006f0       0x20 /raid/tools/cross-compilers/riscv-rv32im-priv1.9/lib/gcc/riscv32-unknown-elf/6.1.0/../../../../riscv32-unknown-elf/lib/libnosys.a(isatty.o)
 .debug_aranges
                0x0000000000000710       0x20 /raid/tools/cross-compilers/riscv-rv32im-priv1.9/lib/gcc/riscv32-unknown-elf/6.1.0/../../../../riscv32-unknown-elf/lib/libnosys.a(lseek.o)
 .debug_aranges
                0x0000000000000730       0x20 /raid/tools/cross-compilers/riscv-rv32im-priv1.9/lib/gcc/riscv32-unknown-elf/6.1.0/../../../../riscv32-unknown-elf/lib/libnosys.a(sbrk.o)
 .debug_aranges
                0x0000000000000750       0x20 /raid/tools/cross-compilers/riscv-rv32im-priv1.9/lib/gcc/riscv32-unknown-elf/6.1.0/../../../../riscv32-unknown-elf/lib/libnosys.a(_exit.o)
 .debug_aranges
                0x0000000000000770       0x20 /raid/tools/cross-compilers/riscv-rv32im-priv1.9/lib/gcc/riscv32-unknown-elf/6.1.0/libgcc.a(adddf3.o)
 .debug_aranges
                0x0000000000000790       0x20 /raid/tools/cross-compilers/riscv-rv32im-priv1.9/lib/gcc/riscv32-unknown-elf/6.1.0/libgcc.a(divdf3.o)
 .debug_aranges
                0x00000000000007b0       0x20 /raid/tools/cross-compilers/riscv-rv32im-priv1.9/lib/gcc/riscv32-unknown-elf/6.1.0/libgcc.a(eqdf2.o)
 .debug_aranges
                0x00000000000007d0       0x20 /raid/tools/cross-compilers/riscv-rv32im-priv1.9/lib/gcc/riscv32-unknown-elf/6.1.0/libgcc.a(gedf2.o)
 .debug_aranges
                0x00000000000007f0       0x20 /raid/tools/cross-compilers/riscv-rv32im-priv1.9/lib/gcc/riscv32-unknown-elf/6.1.0/libgcc.a(ledf2.o)
 .debug_aranges
                0x0000000000000810       0x20 /raid/tools/cross-compilers/riscv-rv32im-priv1.9/lib/gcc/riscv32-unknown-elf/6.1.0/libgcc.a(muldf3.o)
 .debug_aranges
                0x0000000000000830       0x20 /raid/tools/cross-compilers/riscv-rv32im-priv1.9/lib/gcc/riscv32-unknown-elf/6.1.0/libgcc.a(subdf3.o)
 .debug_aranges
                0x0000000000000850       0x20 /raid/tools/cross-compilers/riscv-rv32im-priv1.9/lib/gcc/riscv32-unknown-elf/6.1.0/libgcc.a(unorddf2.o)
 .debug_aranges
                0x0000000000000870       0x20 /raid/tools/cross-compilers/riscv-rv32im-priv1.9/lib/gcc/riscv32-unknown-elf/6.1.0/libgcc.a(fixdfsi.o)
 .debug_aranges
                0x0000000000000890       0x20 /raid/tools/cross-compilers/riscv-rv32im-priv1.9/lib/gcc/riscv32-unknown-elf/6.1.0/libgcc.a(floatsidf.o)
 .debug_aranges
                0x00000000000008b0       0x20 /raid/tools/cross-compilers/riscv-rv32im-priv1.9/lib/gcc/riscv32-unknown-elf/6.1.0/libgcc.a(floatunsidf.o)
 .debug_aranges
                0x00000000000008d0       0x20 /raid/tools/cross-compilers/riscv-rv32im-priv1.9/lib/gcc/riscv32-unknown-elf/6.1.0/libgcc.a(trunctfdf2.o)
 .debug_aranges
                0x00000000000008f0       0x20 /raid/tools/cross-compilers/riscv-rv32im-priv1.9/lib/gcc/riscv32-unknown-elf/6.1.0/libgcc.a(_clzsi2.o)

.debug_pubnames
 *(.debug_pubnames)

.debug_info     0x0000000000000000    0x28958
 *(.debug_info .gnu.linkonce.wi.*)
 .debug_info    0x0000000000000000      0x12e /raid/tools/cross-compilers/riscv-rv32im-priv1.9/lib/gcc/riscv32-unknown-elf/6.1.0/../../../../riscv32-unknown-elf/lib/crt0.o
 .debug_info    0x000000000000012e       0x83 ./lib/startup.o
 .debug_info    0x00000000000001b1      0xa78 ./lib/syscalls.o
 .debug_info    0x0000000000000c29      0x91b ./lib/riscv_counters.o
 .debug_info    0x0000000000001544      0x3b6 ./lib/ns16550.o
 .debug_info    0x00000000000018fa      0x9aa /tmp/cckGRKBX.o
 .debug_info    0x00000000000022a4      0x86a /raid/tools/cross-compilers/riscv-rv32im-priv1.9/lib/gcc/riscv32-unknown-elf/6.1.0/libgcc.a(_divdi3.o)
 .debug_info    0x0000000000002b0e      0x899 /raid/tools/cross-compilers/riscv-rv32im-priv1.9/lib/gcc/riscv32-unknown-elf/6.1.0/libgcc.a(_moddi3.o)
 .debug_info    0x00000000000033a7      0x1df /raid/tools/cross-compilers/riscv-rv32im-priv1.9/lib/gcc/riscv32-unknown-elf/6.1.0/libgcc.a(_clz.o)
 .debug_info    0x0000000000003586      0x90e /raid/tools/cross-compilers/riscv-rv32im-priv1.9/lib/gcc/riscv32-unknown-elf/6.1.0/../../../../riscv32-unknown-elf/lib/libc.a(lib_a-atexit.o)
 .debug_info    0x0000000000003e94      0x944 /raid/tools/cross-compilers/riscv-rv32im-priv1.9/lib/gcc/riscv32-unknown-elf/6.1.0/../../../../riscv32-unknown-elf/lib/libc.a(lib_a-exit.o)
 .debug_info    0x00000000000047d8       0xf6 /raid/tools/cross-compilers/riscv-rv32im-priv1.9/lib/gcc/riscv32-unknown-elf/6.1.0/../../../../riscv32-unknown-elf/lib/libc.a(lib_a-fini.o)
 .debug_info    0x00000000000048ce      0x8ac /raid/tools/cross-compilers/riscv-rv32im-priv1.9/lib/gcc/riscv32-unknown-elf/6.1.0/../../../../riscv32-unknown-elf/lib/libc.a(lib_a-impure.o)
 .debug_info    0x000000000000517a      0x10c /raid/tools/cross-compilers/riscv-rv32im-priv1.9/lib/gcc/riscv32-unknown-elf/6.1.0/../../../../riscv32-unknown-elf/lib/libc.a(lib_a-init.o)
 .debug_info    0x0000000000005286      0x146 /raid/tools/cross-compilers/riscv-rv32im-priv1.9/lib/gcc/riscv32-unknown-elf/6.1.0/../../../../riscv32-unknown-elf/lib/libc.a(lib_a-memset.o)
 .debug_info    0x00000000000053cc      0xb77 /raid/tools/cross-compilers/riscv-rv32im-priv1.9/lib/gcc/riscv32-unknown-elf/6.1.0/../../../../riscv32-unknown-elf/lib/libc.a(lib_a-printf.o)
 .debug_info    0x0000000000005f43      0xc26 /raid/tools/cross-compilers/riscv-rv32im-priv1.9/lib/gcc/riscv32-unknown-elf/6.1.0/../../../../riscv32-unknown-elf/lib/libc.a(lib_a-puts.o)
 .debug_info    0x0000000000006b69      0x9a8 /raid/tools/cross-compilers/riscv-rv32im-priv1.9/lib/gcc/riscv32-unknown-elf/6.1.0/../../../../riscv32-unknown-elf/lib/libc.a(lib_a-strlen.o)
 .debug_info    0x0000000000007511     0x1969 /raid/tools/cross-compilers/riscv-rv32im-priv1.9/lib/gcc/riscv32-unknown-elf/6.1.0/../../../../riscv32-unknown-elf/lib/libc.a(lib_a-vfprintf.o)
 .debug_info    0x0000000000008e7a      0xb4d /raid/tools/cross-compilers/riscv-rv32im-priv1.9/lib/gcc/riscv32-unknown-elf/6.1.0/../../../../riscv32-unknown-elf/lib/libc.a(lib_a-wsetup.o)
 .debug_info    0x00000000000099c7      0x939 /raid/tools/cross-compilers/riscv-rv32im-priv1.9/lib/gcc/riscv32-unknown-elf/6.1.0/../../../../riscv32-unknown-elf/lib/libc.a(lib_a-__atexit.o)
 .debug_info    0x000000000000a300      0x951 /raid/tools/cross-compilers/riscv-rv32im-priv1.9/lib/gcc/riscv32-unknown-elf/6.1.0/../../../../riscv32-unknown-elf/lib/libc.a(lib_a-__call_atexit.o)
 .debug_info    0x000000000000ac51     0x12f0 /raid/tools/cross-compilers/riscv-rv32im-priv1.9/lib/gcc/riscv32-unknown-elf/6.1.0/../../../../riscv32-unknown-elf/lib/libc.a(lib_a-dtoa.o)
 .debug_info    0x000000000000bf41      0xc97 /raid/tools/cross-compilers/riscv-rv32im-priv1.9/lib/gcc/riscv32-unknown-elf/6.1.0/../../../../riscv32-unknown-elf/lib/libc.a(lib_a-fflush.o)
 .debug_info    0x000000000000cbd8      0xf99 /raid/tools/cross-compilers/riscv-rv32im-priv1.9/lib/gcc/riscv32-unknown-elf/6.1.0/../../../../riscv32-unknown-elf/lib/libc.a(lib_a-findfp.o)
 .debug_info    0x000000000000db71      0xcb0 /raid/tools/cross-compilers/riscv-rv32im-priv1.9/lib/gcc/riscv32-unknown-elf/6.1.0/../../../../riscv32-unknown-elf/lib/libc.a(lib_a-freer.o)
 .debug_info    0x000000000000e821      0xde2 /raid/tools/cross-compilers/riscv-rv32im-priv1.9/lib/gcc/riscv32-unknown-elf/6.1.0/../../../../riscv32-unknown-elf/lib/libc.a(lib_a-fvwrite.o)
 .debug_info    0x000000000000f603      0xbd3 /raid/tools/cross-compilers/riscv-rv32im-priv1.9/lib/gcc/riscv32-unknown-elf/6.1.0/../../../../riscv32-unknown-elf/lib/libc.a(lib_a-fwalk.o)
 .debug_info    0x00000000000101d6      0xd3c /raid/tools/cross-compilers/riscv-rv32im-priv1.9/lib/gcc/riscv32-unknown-elf/6.1.0/../../../../riscv32-unknown-elf/lib/libc.a(lib_a-locale.o)
 .debug_info    0x0000000000010f12      0xe56 /raid/tools/cross-compilers/riscv-rv32im-priv1.9/lib/gcc/riscv32-unknown-elf/6.1.0/../../../../riscv32-unknown-elf/lib/libc.a(lib_a-makebuf.o)
 .debug_info    0x0000000000011d68      0xdcf /raid/tools/cross-compilers/riscv-rv32im-priv1.9/lib/gcc/riscv32-unknown-elf/6.1.0/../../../../riscv32-unknown-elf/lib/libc.a(lib_a-mallocr.o)
 .debug_info    0x0000000000012b37      0x93a /raid/tools/cross-compilers/riscv-rv32im-priv1.9/lib/gcc/riscv32-unknown-elf/6.1.0/../../../../riscv32-unknown-elf/lib/libc.a(lib_a-memchr.o)
 .debug_info    0x0000000000013471      0xa46 /raid/tools/cross-compilers/riscv-rv32im-priv1.9/lib/gcc/riscv32-unknown-elf/6.1.0/../../../../riscv32-unknown-elf/lib/libc.a(lib_a-memcpy.o)
 .debug_info    0x0000000000013eb7      0x931 /raid/tools/cross-compilers/riscv-rv32im-priv1.9/lib/gcc/riscv32-unknown-elf/6.1.0/../../../../riscv32-unknown-elf/lib/libc.a(lib_a-memmove.o)
 .debug_info    0x00000000000147e8      0x8df /raid/tools/cross-compilers/riscv-rv32im-priv1.9/lib/gcc/riscv32-unknown-elf/6.1.0/../../../../riscv32-unknown-elf/lib/libc.a(lib_a-mlock.o)
 .debug_info    0x00000000000150c7     0x174c /raid/tools/cross-compilers/riscv-rv32im-priv1.9/lib/gcc/riscv32-unknown-elf/6.1.0/../../../../riscv32-unknown-elf/lib/libc.a(lib_a-mprec.o)
 .debug_info    0x0000000000016813      0xdcb /raid/tools/cross-compilers/riscv-rv32im-priv1.9/lib/gcc/riscv32-unknown-elf/6.1.0/../../../../riscv32-unknown-elf/lib/libc.a(lib_a-reallocr.o)
 .debug_info    0x00000000000175de      0x961 /raid/tools/cross-compilers/riscv-rv32im-priv1.9/lib/gcc/riscv32-unknown-elf/6.1.0/../../../../riscv32-unknown-elf/lib/libc.a(lib_a-sbrkr.o)
 .debug_info    0x0000000000017f3f      0xd4b /raid/tools/cross-compilers/riscv-rv32im-priv1.9/lib/gcc/riscv32-unknown-elf/6.1.0/../../../../riscv32-unknown-elf/lib/libc.a(lib_a-stdio.o)
 .debug_info    0x0000000000018c8a      0x146 /raid/tools/cross-compilers/riscv-rv32im-priv1.9/lib/gcc/riscv32-unknown-elf/6.1.0/../../../../riscv32-unknown-elf/lib/libc.a(lib_a-strcmp.o)