Archive member included to satisfy reference by file (symbol)

/opt/riscv64im/lib/gcc/riscv64-unknown-elf/8.1.0/libgcc.a(div.o)
                              ./lib/syscalls.o (__moddi3)
/opt/riscv64im/lib/gcc/riscv64-unknown-elf/8.1.0/../../../../riscv64-unknown-elf/lib/libc.a(lib_a-atexit.o)
                              /opt/riscv64im/lib/gcc/riscv64-unknown-elf/8.1.0/../../../../riscv64-unknown-elf/lib/crt0.o (atexit)
/opt/riscv64im/lib/gcc/riscv64-unknown-elf/8.1.0/../../../../riscv64-unknown-elf/lib/libc.a(lib_a-exit.o)
                              /opt/riscv64im/lib/gcc/riscv64-unknown-elf/8.1.0/../../../../riscv64-unknown-elf/lib/crt0.o (exit)
/opt/riscv64im/lib/gcc/riscv64-unknown-elf/8.1.0/../../../../riscv64-unknown-elf/lib/libc.a(lib_a-fini.o)
                              /opt/riscv64im/lib/gcc/riscv64-unknown-elf/8.1.0/../../../../riscv64-unknown-elf/lib/crt0.o (__libc_fini_array)
/opt/riscv64im/lib/gcc/riscv64-unknown-elf/8.1.0/../../../../riscv64-unknown-elf/lib/libc.a(lib_a-impure.o)
                              /opt/riscv64im/lib/gcc/riscv64-unknown-elf/8.1.0/../../../../riscv64-unknown-elf/lib/libc.a(lib_a-exit.o) (_global_impure_ptr)
/opt/riscv64im/lib/gcc/riscv64-unknown-elf/8.1.0/../../../../riscv64-unknown-elf/lib/libc.a(lib_a-init.o)
                              /opt/riscv64im/lib/gcc/riscv64-unknown-elf/8.1.0/../../../../riscv64-unknown-elf/lib/crt0.o (__libc_init_array)
/opt/riscv64im/lib/gcc/riscv64-unknown-elf/8.1.0/../../../../riscv64-unknown-elf/lib/libc.a(lib_a-memset.o)
                              /opt/riscv64im/lib/gcc/riscv64-unknown-elf/8.1.0/../../../../riscv64-unknown-elf/lib/crt0.o (memset)
/opt/riscv64im/lib/gcc/riscv64-unknown-elf/8.1.0/../../../../riscv64-unknown-elf/lib/libc.a(lib_a-puts.o)
                              /var/folders/q9/9nr6tpd173jb_kr7kj92cr7m0000gp/T//ccMjtpEX.o (puts)
/opt/riscv64im/lib/gcc/riscv64-unknown-elf/8.1.0/../../../../riscv64-unknown-elf/lib/libc.a(lib_a-strlen.o)
                              /opt/riscv64im/lib/gcc/riscv64-unknown-elf/8.1.0/../../../../riscv64-unknown-elf/lib/libc.a(lib_a-puts.o) (strlen)
/opt/riscv64im/lib/gcc/riscv64-unknown-elf/8.1.0/../../../../riscv64-unknown-elf/lib/libc.a(lib_a-__atexit.o)
                              /opt/riscv64im/lib/gcc/riscv64-unknown-elf/8.1.0/../../../../riscv64-unknown-elf/lib/libc.a(lib_a-atexit.o) (__register_exitproc)
/opt/riscv64im/lib/gcc/riscv64-unknown-elf/8.1.0/../../../../riscv64-unknown-elf/lib/libc.a(lib_a-__call_atexit.o)
                              /opt/riscv64im/lib/gcc/riscv64-unknown-elf/8.1.0/../../../../riscv64-unknown-elf/lib/libc.a(lib_a-exit.o) (__call_exitprocs)
/opt/riscv64im/lib/gcc/riscv64-unknown-elf/8.1.0/../../../../riscv64-unknown-elf/lib/libc.a(lib_a-findfp.o)
                              /opt/riscv64im/lib/gcc/riscv64-unknown-elf/8.1.0/../../../../riscv64-unknown-elf/lib/libc.a(lib_a-puts.o) (__sinit)
/opt/riscv64im/lib/gcc/riscv64-unknown-elf/8.1.0/../../../../riscv64-unknown-elf/lib/libc.a(lib_a-fvwrite.o)
                              /opt/riscv64im/lib/gcc/riscv64-unknown-elf/8.1.0/../../../../riscv64-unknown-elf/lib/libc.a(lib_a-puts.o) (__sfvwrite_r)
/opt/riscv64im/lib/gcc/riscv64-unknown-elf/8.1.0/../../../../riscv64-unknown-elf/lib/libc.a(lib_a-fwalk.o)
                              /opt/riscv64im/lib/gcc/riscv64-unknown-elf/8.1.0/../../../../riscv64-unknown-elf/lib/libc.a(lib_a-findfp.o) (_fwalk)
/opt/riscv64im/lib/gcc/riscv64-unknown-elf/8.1.0/../../../../riscv64-unknown-elf/lib/libc.a(lib_a-mallocr.o)
                              /opt/riscv64im/lib/gcc/riscv64-unknown-elf/8.1.0/../../../../riscv64-unknown-elf/lib/libc.a(lib_a-findfp.o) (_malloc_r)
/opt/riscv64im/lib/gcc/riscv64-unknown-elf/8.1.0/../../../../riscv64-unknown-elf/lib/libc.a(lib_a-memchr.o)
                              /opt/riscv64im/lib/gcc/riscv64-unknown-elf/8.1.0/../../../../riscv64-unknown-elf/lib/libc.a(lib_a-fvwrite.o) (memchr)
/opt/riscv64im/lib/gcc/riscv64-unknown-elf/8.1.0/../../../../riscv64-unknown-elf/lib/libc.a(lib_a-memcpy.o)
                              /opt/riscv64im/lib/gcc/riscv64-unknown-elf/8.1.0/../../../../riscv64-unknown-elf/lib/libc.a(lib_a-fvwrite.o) (memcpy)
/opt/riscv64im/lib/gcc/riscv64-unknown-elf/8.1.0/../../../../riscv64-unknown-elf/lib/libc.a(lib_a-memmove.o)
                              /opt/riscv64im/lib/gcc/riscv64-unknown-elf/8.1.0/../../../../riscv64-unknown-elf/lib/libc.a(lib_a-fvwrite.o) (memmove)
/opt/riscv64im/lib/gcc/riscv64-unknown-elf/8.1.0/../../../../riscv64-unknown-elf/lib/libc.a(lib_a-mlock.o)
                              /opt/riscv64im/lib/gcc/riscv64-unknown-elf/8.1.0/../../../../riscv64-unknown-elf/lib/libc.a(lib_a-mallocr.o) (__malloc_lock)
/opt/riscv64im/lib/gcc/riscv64-unknown-elf/8.1.0/../../../../riscv64-unknown-elf/lib/libc.a(lib_a-reallocr.o)
                              /opt/riscv64im/lib/gcc/riscv64-unknown-elf/8.1.0/../../../../riscv64-unknown-elf/lib/libc.a(lib_a-fvwrite.o) (_realloc_r)
/opt/riscv64im/lib/gcc/riscv64-unknown-elf/8.1.0/../../../../riscv64-unknown-elf/lib/libc.a(lib_a-sbrkr.o)
                              /opt/riscv64im/lib/gcc/riscv64-unknown-elf/8.1.0/../../../../riscv64-unknown-elf/lib/libc.a(lib_a-mallocr.o) (_sbrk_r)
/opt/riscv64im/lib/gcc/riscv64-unknown-elf/8.1.0/../../../../riscv64-unknown-elf/lib/libc.a(lib_a-stdio.o)
                              /opt/riscv64im/lib/gcc/riscv64-unknown-elf/8.1.0/../../../../riscv64-unknown-elf/lib/libc.a(lib_a-findfp.o) (__sread)
/opt/riscv64im/lib/gcc/riscv64-unknown-elf/8.1.0/../../../../riscv64-unknown-elf/lib/libc.a(lib_a-writer.o)
                              /opt/riscv64im/lib/gcc/riscv64-unknown-elf/8.1.0/../../../../riscv64-unknown-elf/lib/libc.a(lib_a-stdio.o) (_write_r)
/opt/riscv64im/lib/gcc/riscv64-unknown-elf/8.1.0/../../../../riscv64-unknown-elf/lib/libc.a(lib_a-wsetup.o)
                              /opt/riscv64im/lib/gcc/riscv64-unknown-elf/8.1.0/../../../../riscv64-unknown-elf/lib/libc.a(lib_a-fvwrite.o) (__swsetup_r)
/opt/riscv64im/lib/gcc/riscv64-unknown-elf/8.1.0/../../../../riscv64-unknown-elf/lib/libc.a(lib_a-closer.o)
                              /opt/riscv64im/lib/gcc/riscv64-unknown-elf/8.1.0/../../../../riscv64-unknown-elf/lib/libc.a(lib_a-stdio.o) (_close_r)
/opt/riscv64im/lib/gcc/riscv64-unknown-elf/8.1.0/../../../../riscv64-unknown-elf/lib/libc.a(lib_a-fclose.o)
                              /opt/riscv64im/lib/gcc/riscv64-unknown-elf/8.1.0/../../../../riscv64-unknown-elf/lib/libc.a(lib_a-findfp.o) (_fclose_r)
/opt/riscv64im/lib/gcc/riscv64-unknown-elf/8.1.0/../../../../riscv64-unknown-elf/lib/libc.a(lib_a-fflush.o)
                              /opt/riscv64im/lib/gcc/riscv64-unknown-elf/8.1.0/../../../../riscv64-unknown-elf/lib/libc.a(lib_a-fclose.o) (__sflush_r)
/opt/riscv64im/lib/gcc/riscv64-unknown-elf/8.1.0/../../../../riscv64-unknown-elf/lib/libc.a(lib_a-freer.o)
                              /opt/riscv64im/lib/gcc/riscv64-unknown-elf/8.1.0/../../../../riscv64-unknown-elf/lib/libc.a(lib_a-fvwrite.o) (_free_r)
/opt/riscv64im/lib/gcc/riscv64-unknown-elf/8.1.0/../../../../riscv64-unknown-elf/lib/libc.a(lib_a-lseekr.o)
                              /opt/riscv64im/lib/gcc/riscv64-unknown-elf/8.1.0/../../../../riscv64-unknown-elf/lib/libc.a(lib_a-stdio.o) (_lseek_r)
/opt/riscv64im/lib/gcc/riscv64-unknown-elf/8.1.0/../../../../riscv64-unknown-elf/lib/libc.a(lib_a-makebuf.o)
                              /opt/riscv64im/lib/gcc/riscv64-unknown-elf/8.1.0/../../../../riscv64-unknown-elf/lib/libc.a(lib_a-wsetup.o) (__smakebuf_r)
/opt/riscv64im/lib/gcc/riscv64-unknown-elf/8.1.0/../../../../riscv64-unknown-elf/lib/libc.a(lib_a-readr.o)
                              /opt/riscv64im/lib/gcc/riscv64-unknown-elf/8.1.0/../../../../riscv64-unknown-elf/lib/libc.a(lib_a-stdio.o) (_read_r)
/opt/riscv64im/lib/gcc/riscv64-unknown-elf/8.1.0/../../../../riscv64-unknown-elf/lib/libc.a(lib_a-reent.o)
                              /opt/riscv64im/lib/gcc/riscv64-unknown-elf/8.1.0/../../../../riscv64-unknown-elf/lib/libc.a(lib_a-sbrkr.o) (errno)
/opt/riscv64im/lib/gcc/riscv64-unknown-elf/8.1.0/../../../../riscv64-unknown-elf/lib/libc.a(lib_a-fstatr.o)
                              /opt/riscv64im/lib/gcc/riscv64-unknown-elf/8.1.0/../../../../riscv64-unknown-elf/lib/libc.a(lib_a-makebuf.o) (_fstat_r)
/opt/riscv64im/lib/gcc/riscv64-unknown-elf/8.1.0/../../../../riscv64-unknown-elf/lib/libc.a(lib_a-isattyr.o)
                              /opt/riscv64im/lib/gcc/riscv64-unknown-elf/8.1.0/../../../../riscv64-unknown-elf/lib/libc.a(lib_a-makebuf.o) (_isatty_r)
/opt/riscv64im/lib/gcc/riscv64-unknown-elf/8.1.0/../../../../riscv64-unknown-elf/lib/libnosys.a(close.o)
                              /opt/riscv64im/lib/gcc/riscv64-unknown-elf/8.1.0/../../../../riscv64-unknown-elf/lib/libc.a(lib_a-closer.o) (_close)
/opt/riscv64im/lib/gcc/riscv64-unknown-elf/8.1.0/../../../../riscv64-unknown-elf/lib/libnosys.a(fstat.o)
                              /opt/riscv64im/lib/gcc/riscv64-unknown-elf/8.1.0/../../../../riscv64-unknown-elf/lib/libc.a(lib_a-fstatr.o) (_fstat)
/opt/riscv64im/lib/gcc/riscv64-unknown-elf/8.1.0/../../../../riscv64-unknown-elf/lib/libnosys.a(isatty.o)
                              /opt/riscv64im/lib/gcc/riscv64-unknown-elf/8.1.0/../../../../riscv64-unknown-elf/lib/libc.a(lib_a-isattyr.o) (_isatty)
/opt/riscv64im/lib/gcc/riscv64-unknown-elf/8.1.0/../../../../riscv64-unknown-elf/lib/libnosys.a(lseek.o)
                              /opt/riscv64im/lib/gcc/riscv64-unknown-elf/8.1.0/../../../../riscv64-unknown-elf/lib/libc.a(lib_a-lseekr.o) (_lseek)
/opt/riscv64im/lib/gcc/riscv64-unknown-elf/8.1.0/../../../../riscv64-unknown-elf/lib/libnosys.a(read.o)
                              /opt/riscv64im/lib/gcc/riscv64-unknown-elf/8.1.0/../../../../riscv64-unknown-elf/lib/libc.a(lib_a-readr.o) (_read)
/opt/riscv64im/lib/gcc/riscv64-unknown-elf/8.1.0/../../../../riscv64-unknown-elf/lib/libnosys.a(sbrk.o)
                              /opt/riscv64im/lib/gcc/riscv64-unknown-elf/8.1.0/../../../../riscv64-unknown-elf/lib/libc.a(lib_a-sbrkr.o) (_sbrk)
/opt/riscv64im/lib/gcc/riscv64-unknown-elf/8.1.0/../../../../riscv64-unknown-elf/lib/libnosys.a(write.o)
                              /opt/riscv64im/lib/gcc/riscv64-unknown-elf/8.1.0/../../../../riscv64-unknown-elf/lib/libc.a(lib_a-writer.o) (_write)
/opt/riscv64im/lib/gcc/riscv64-unknown-elf/8.1.0/../../../../riscv64-unknown-elf/lib/libnosys.a(_exit.o)
                              /opt/riscv64im/lib/gcc/riscv64-unknown-elf/8.1.0/../../../../riscv64-unknown-elf/lib/libc.a(lib_a-exit.o) (_exit)

Allocating common symbols
Common symbol       size              file

errno               0x4               /opt/riscv64im/lib/gcc/riscv64-unknown-elf/8.1.0/../../../../riscv64-unknown-elf/lib/libc.a(lib_a-reent.o)
